Archive member included because of file (symbol)

contiki-sky.a(contiki-sky-pla)
                              obj_sky/contiki-sky-main.o (init_platform)
contiki-sky.a(button-sensor.o)
                              contiki-sky.a(contiki-sky-pla) (button_sensor)
contiki-sky.a(radio-sensor.o)
                              obj_sky/udp-client.o (radio_sensor)
contiki-sky.a(ds2411.o)       obj_sky/contiki-sky-main.o (ds2411_init)
contiki-sky.a(xmem.o)         obj_sky/contiki-sky-main.o (xmem_init)
contiki-sky.a(node-id.o)      obj_sky/contiki-sky-main.o (node_id_restore)
contiki-sky.a(sensors.o)      contiki-sky.a(button-sensor.o) (sensors_changed)
contiki-sky.a(cc2420.o)       contiki-sky.a(radio-sensor.o) (cc2420_last_rssi)
contiki-sky.a(cc2420-arch.o)  contiki-sky.a(cc2420.o) (cc2420_arch_init)
contiki-sky.a(uart1.o)        obj_sky/contiki-sky-main.o (uart1_active)
contiki-sky.a(uart1-putchar.o)
                              obj_sky/contiki-sky-main.o (putchar)
contiki-sky.a(msp430.o)       obj_sky/contiki-sky-main.o (msp430_dco_required)
contiki-sky.a(clock.o)        obj_sky/contiki-sky-main.o (clock_init)
contiki-sky.a(leds.o)         obj_sky/contiki-sky-main.o (leds_init)
contiki-sky.a(leds-arch.o)    contiki-sky.a(leds.o) (leds_arch_init)
contiki-sky.a(watchdog.o)     obj_sky/contiki-sky-main.o (watchdog_start)
contiki-sky.a(rtimer-arch.o)  contiki-sky.a(cc2420.o) (rtimer_arch_now)
contiki-sky.a(autostart.o)    obj_sky/contiki-sky-main.o (autostart_start)
contiki-sky.a(ctimer.o)       obj_sky/contiki-sky-main.o (ctimer_init)
contiki-sky.a(energest.o)     obj_sky/contiki-sky-main.o (energest_type_set)
contiki-sky.a(etimer.o)       contiki-sky.a(clock.o) (etimer_request_poll)
contiki-sky.a(process.o)      contiki-sky.a(ctimer.o) (process_current)
contiki-sky.a(rtimer.o)       obj_sky/contiki-sky-main.o (rtimer_init)
contiki-sky.a(timer.o)        obj_sky/contiki-sky-main.o (timer_set)
contiki-sky.a(list.o)         contiki-sky.a(ctimer.o) (list_init)
contiki-sky.a(random.o)       obj_sky/contiki-sky-main.o (random_init)
contiki-sky.a(sicslowpan.o)   obj_sky/contiki-sky-main.o (sicslowpan_driver)
contiki-sky.a(uip6.o)         6lbr-demo.co (uip_aligned_buf)
contiki-sky.a(uip-ds6.o)      contiki-sky.a(uip6.o) (uip_ds6_is_addr_onlink)
contiki-sky.a(uip-ds6-nbr.o)  contiki-sky.a(uip-ds6.o) (uip_ds6_neighbors_init)
contiki-sky.a(uip-ds6-route.o)
                              contiki-sky.a(uip-ds6.o) (uip_ds6_route_init)
contiki-sky.a(uip-icmp6.o)    contiki-sky.a(uip6.o) (uip_icmp6_input)
contiki-sky.a(uip-nd6.o)      contiki-sky.a(uip-ds6-nbr.o) (uip_nd6_ns_output)
contiki-sky.a(tcpip.o)        obj_sky/contiki-sky-main.o (tcpip_process)
contiki-sky.a(uip-debug.o)    6lbr-demo.co (uip_debug_ipaddr_print)
contiki-sky.a(uip-udp-packet.)
                              6lbr-demo.co (uip_udp_packet_send)
contiki-sky.a(rpl.o)          contiki-sky.a(uip-ds6-nbr.o) (rpl_link_neighbor_callback)
contiki-sky.a(rpl-dag.o)      contiki-sky.a(rpl.o) (default_instance)
contiki-sky.a(rpl-ext-header.)
                              contiki-sky.a(uip6.o) (rpl_verify_header)
contiki-sky.a(rpl-icmp6.o)    contiki-sky.a(rpl-dag.o) (rpl_icmp6_update_nbr_table)
contiki-sky.a(rpl-mrhof.o)    contiki-sky.a(rpl.o) (rpl_mrhof)
contiki-sky.a(rpl-timers.o)   contiki-sky.a(rpl.o) (rpl_reset_periodic_timer)
contiki-sky.a(csma.o)         obj_sky/contiki-sky-main.o (csma_driver)
contiki-sky.a(framer-802154.o)
                              contiki-sky.a(sicslowpan.o) (framer_802154)
contiki-sky.a(mac.o)          contiki-sky.a(csma.o) (mac_call_sent_callback)
contiki-sky.a(nullrdc.o)      obj_sky/contiki-sky-main.o (nullrdc_driver)
contiki-sky.a(linkaddr.o)     obj_sky/contiki-sky-main.o (linkaddr_copy)
contiki-sky.a(nbr-table.o)    contiki-sky.a(uip-ds6-nbr.o) (nbr_table_register)
contiki-sky.a(packetbuf.o)    contiki-sky.a(framer-802154.o) (packetbuf_hdrreduce)
contiki-sky.a(queuebuf.o)     obj_sky/contiki-sky-main.o (queuebuf_init)
contiki-sky.a(nullsec.o)      obj_sky/contiki-sky-main.o (nullsec_driver)
contiki-sky.a(spi.o)          contiki-sky.a(xmem.o) (spi_init)
contiki-sky.a(stimer.o)       contiki-sky.a(uip-ds6.o) (stimer_set)
contiki-sky.a(memb.o)         contiki-sky.a(uip-ds6-route.o) (memb_init)
contiki-sky.a(rpl-nbr-policy.)
                              contiki-sky.a(nbr-table.o) (rpl_nbr_policy_find_removable)
contiki-sky.a(frame802154.o)  contiki-sky.a(framer-802154.o) (frame802154_get_pan_id)
/usr/lib/gcc/msp430/4.6.3/mmpy-16/libgcc.a(_mulsi3.o)
                              contiki-sky.a(rpl.o) (__mulsi3)
/usr/lib/gcc/msp430/4.6.3/mmpy-16/libgcc.a(_udivmod16.o)
                              contiki-sky.a(rpl-dag.o) (__udivhi3)
/usr/lib/gcc/msp430/4.6.3/mmpy-16/libgcc.a(_divmod16.o)
                              contiki-sky.a(sicslowpan.o) (__divhi3)
/usr/lib/gcc/msp430/4.6.3/mmpy-16/libgcc.a(_udivmod32.o)
                              obj_sky/contiki-sky-main.o (__udivsi3)
[...]
Memory Configuration

Name             Origin             Length             Attributes
sfr              0x00000000         0x00000010
peripheral_8bit  0x00000010         0x000000f0
peripheral_16bit 0x00000100         0x00000100
ram_mirror       0x00000200         0x00000800         xw
infomem          0x00001000         0x00000100
infob            0x00001000         0x00000080
infoa            0x00001080         0x00000080
ram              0x00001100         0x00002800         xw
rom              0x00004000         0x0000bfe0         xr
vectors          0x0000ffe0         0x00000020
bsl              0x00000000         0x00000000
infoc            0x00000000         0x00000000
infod            0x00000000         0x00000000
ram2             0x00000000         0x00000000         xw
usbram           0x00000000         0x00000000         xw
far_rom          0x00000000         0x00000000
*default*        0x00000000         0xffffffff

Linker script and memory map

LOAD /usr/lib/gcc/msp430/4.6.3/mmpy-16/crt0ivtbl16.o
LOAD 6lbr-demo.co
LOAD obj_sky/udp-client.o
LOAD obj_sky/6lbr-demo-main.o
LOAD obj_sky/contiki-sky-main.o
LOAD contiki-sky.a
LOAD /usr/lib/gcc/msp430/4.6.3/mmpy-16/libgcc.a
LOAD /usr/lib/gcc/msp430/4.6.3/../../../../msp430/lib/mmpy-16/libc.a
LOAD /usr/lib/gcc/msp430/4.6.3/mmpy-16/libgcc.a
LOAD /usr/lib/gcc/msp430/4.6.3/mmpy-16/libcrt0.a
                0x00000080                PROVIDE (__info_segment_size, 0x80)
                0x00001000                PROVIDE (__infob, 0x1000)
                0x00001080                PROVIDE (__infoa, 0x1080)
                0x00000000                __IE1 = 0x0
                0x00000002                __IFG1 = 0x2
                0x00000004                __ME1 = 0x4
                0x00000001                __IE2 = 0x1
                0x00000003                __IFG2 = 0x3
                0x00000005                __ME2 = 0x5
                0x00000120                __WDTCTL = 0x120
                0x00000130                __MPY = 0x130
                0x00000132                __MPYS = 0x132
                0x00000134                __MAC = 0x134
                0x00000136                __MACS = 0x136
                0x00000138                __OP2 = 0x138
                0x0000013a                __RESLO = 0x13a
                0x0000013c                __RESHI = 0x13c
                0x0000013e                __SUMEXT = 0x13e
                0x00000020                __P1IN = 0x20
                0x00000021                __P1OUT = 0x21
                0x00000022                __P1DIR = 0x22
                0x00000023                __P1IFG = 0x23
                0x00000024                __P1IES = 0x24
                0x00000025                __P1IE = 0x25
                0x00000026                __P1SEL = 0x26
                0x00000028                __P2IN = 0x28
                0x00000029                __P2OUT = 0x29
                0x0000002a                __P2DIR = 0x2a
                0x0000002b                __P2IFG = 0x2b
                0x0000002c                __P2IES = 0x2c
                0x0000002d                __P2IE = 0x2d
                0x0000002e                __P2SEL = 0x2e
                0x00000018                __P3IN = 0x18
                0x00000019                __P3OUT = 0x19
                0x0000001a                __P3DIR = 0x1a
                0x0000001b                __P3SEL = 0x1b
                0x0000001c                __P4IN = 0x1c
                0x0000001d                __P4OUT = 0x1d
                0x0000001e                __P4DIR = 0x1e
                0x0000001f                __P4SEL = 0x1f
                0x00000030                __P5IN = 0x30
                0x00000031                __P5OUT = 0x31
                0x00000032                __P5DIR = 0x32
                0x00000033                __P5SEL = 0x33
                0x00000034                __P6IN = 0x34
                0x00000035                __P6OUT = 0x35
                0x00000036                __P6DIR = 0x36
                0x00000037                __P6SEL = 0x37
                0x00000070                __U0CTL = 0x70
                0x00000071                __U0TCTL = 0x71
                0x00000072                __U0RCTL = 0x72
                0x00000073                __U0MCTL = 0x73
                0x00000074                __U0BR0 = 0x74
                0x00000075                __U0BR1 = 0x75
                0x00000076                __U0RXBUF = 0x76
                0x00000077                __U0TXBUF = 0x77
                0x00000078                __U1CTL = 0x78
                0x00000079                __U1TCTL = 0x79
                0x0000007a                __U1RCTL = 0x7a
                0x0000007b                __U1MCTL = 0x7b
                0x0000007c                __U1BR0 = 0x7c
                0x0000007d                __U1BR1 = 0x7d
                0x0000007e                __U1RXBUF = 0x7e
                0x0000007f                __U1TXBUF = 0x7f
                0x00000050                __I2CIE = 0x50
                0x00000051                __I2CIFG = 0x51
                0x00000052                __I2CNDAT = 0x52
                0x00000071                __I2CTCTL = 0x71
                0x00000072                __I2CDCTL = 0x72
                0x00000073                __I2CPSC = 0x73
                0x00000074                __I2CSCLH = 0x74
                0x00000075                __I2CSCLL = 0x75
                0x00000076                __I2CDRB = 0x76
                0x00000076                __I2CDRW = 0x76
                0x00000118                __I2COA = 0x118
                0x0000011a                __I2CSA = 0x11a
                0x0000011c                __I2CIV = 0x11c
                0x0000012e                __TAIV = 0x12e
                0x00000160                __TACTL = 0x160
                0x00000162                __TACCTL0 = 0x162
                0x00000164                __TACCTL1 = 0x164
                0x00000166                __TACCTL2 = 0x166
                0x00000170                __TAR = 0x170
                0x00000172                __TACCR0 = 0x172
                0x00000174                __TACCR1 = 0x174
                0x00000176                __TACCR2 = 0x176
                0x0000011e                __TBIV = 0x11e
                0x00000180                __TBCTL = 0x180
                0x00000182                __TBCCTL0 = 0x182
                0x00000184                __TBCCTL1 = 0x184
                0x00000186                __TBCCTL2 = 0x186
                0x00000188                __TBCCTL3 = 0x188
                0x0000018a                __TBCCTL4 = 0x18a
                0x0000018c                __TBCCTL5 = 0x18c
                0x0000018e                __TBCCTL6 = 0x18e
                0x00000190                __TBR = 0x190
                0x00000192                __TBCCR0 = 0x192
                0x00000194                __TBCCR1 = 0x194
                0x00000196                __TBCCR2 = 0x196
                0x00000198                __TBCCR3 = 0x198
                0x0000019a                __TBCCR4 = 0x19a
                0x0000019c                __TBCCR5 = 0x19c
                0x0000019e                __TBCCR6 = 0x19e
                0x00000056                __DCOCTL = 0x56
                0x00000057                __BCSCTL1 = 0x57
                0x00000058                __BCSCTL2 = 0x58
                0x00000055                __SVSCTL = 0x55
                0x00000128                __FCTL1 = 0x128
                0x0000012a                __FCTL2 = 0x12a
                0x0000012c                __FCTL3 = 0x12c
                0x00000059                __CACTL1 = 0x59
                0x0000005a                __CACTL2 = 0x5a
                0x0000005b                __CAPD = 0x5b
                0x000001a0                __ADC12CTL0 = 0x1a0
                0x000001a2                __ADC12CTL1 = 0x1a2
                0x000001a4                __ADC12IFG = 0x1a4
                0x000001a6                __ADC12IE = 0x1a6
                0x000001a8                __ADC12IV = 0x1a8
                0x00000140                __ADC12MEM0 = 0x140
                0x00000142                __ADC12MEM1 = 0x142
                0x00000144                __ADC12MEM2 = 0x144
                0x00000146                __ADC12MEM3 = 0x146
                0x00000148                __ADC12MEM4 = 0x148
                0x0000014a                __ADC12MEM5 = 0x14a
                0x0000014c                __ADC12MEM6 = 0x14c
                0x0000014e                __ADC12MEM7 = 0x14e
                0x00000150                __ADC12MEM8 = 0x150
                0x00000152                __ADC12MEM9 = 0x152
                0x00000154                __ADC12MEM10 = 0x154
                0x00000156                __ADC12MEM11 = 0x156
                0x00000158                __ADC12MEM12 = 0x158
                0x0000015a                __ADC12MEM13 = 0x15a
                0x0000015c                __ADC12MEM14 = 0x15c
                0x0000015e                __ADC12MEM15 = 0x15e
                0x00000080                __ADC12MCTL0 = 0x80
                0x00000081                __ADC12MCTL1 = 0x81
                0x00000082                __ADC12MCTL2 = 0x82
                0x00000083                __ADC12MCTL3 = 0x83
                0x00000084                __ADC12MCTL4 = 0x84
                0x00000085                __ADC12MCTL5 = 0x85
                0x00000086                __ADC12MCTL6 = 0x86
                0x00000087                __ADC12MCTL7 = 0x87
                0x00000088                __ADC12MCTL8 = 0x88
                0x00000089                __ADC12MCTL9 = 0x89
                0x0000008a                __ADC12MCTL10 = 0x8a
                0x0000008b                __ADC12MCTL11 = 0x8b
                0x0000008c                __ADC12MCTL12 = 0x8c
                0x0000008d                __ADC12MCTL13 = 0x8d
                0x0000008e                __ADC12MCTL14 = 0x8e
                0x0000008f                __ADC12MCTL15 = 0x8f
                0x000001c0                __DAC12_0CTL = 0x1c0
                0x000001c2                __DAC12_1CTL = 0x1c2
                0x000001c8                __DAC12_0DAT = 0x1c8
                0x000001ca                __DAC12_1DAT = 0x1ca
                0x00000122                __DMACTL0 = 0x122
                0x00000124                __DMACTL1 = 0x124
                0x000001e0                __DMA0CTL = 0x1e0
                0x000001e8                __DMA1CTL = 0x1e8
                0x000001f0                __DMA2CTL = 0x1f0
                0x000001e2                __DMA0SA = 0x1e2
                0x000001e4                __DMA0DA = 0x1e4
                0x000001e6                __DMA0SZ = 0x1e6
                0x000001ea                __DMA1SA = 0x1ea
                0x000001ec                __DMA1DA = 0x1ec
                0x000001ee                __DMA1SZ = 0x1ee
                0x000001f2                __DMA2SA = 0x1f2
                0x000001f4                __DMA2DA = 0x1f4
                0x000001f6                __DMA2SZ = 0x1f6

.hash
 *(.hash)

.dynsym
 *(.dynsym)

.dynstr
 *(.dynstr)

.gnu.version
 *(.gnu.version)

.gnu.version_d
 *(.gnu.version_d)

.gnu.version_r
 *(.gnu.version_r)

.rel.init
 *(.rel.init)

.rela.init
 *(.rela.init)

.rel.fini
 *(.rel.fini)

.rela.fini
 *(.rela.fini)

.rel.text
 *(.rel.text .rel.text.* .rel.gnu.linkonce.t.*)

.rela.text
 *(.rela.text .rela.text.* .rela.gnu.linkonce.t.*)

.rel.rodata
 *(.rel.rodata .rel.rodata.* .rel.gnu.linkonce.r.*)

.rela.rodata
 *(.rela.rodata .rela.rodata.* .rela.gnu.linkonce.r.*)

.rel.data
 *(.rel.data .rel.data.* .rel.gnu.linkonce.d.*)

.rela.data
 *(.rela.data .rela.data.* .rela.gnu.linkonce.d.*)

.rel.bss
 *(.rel.bss .rel.bss.* .rel.gnu.linkonce.b.*)

.rela.bss
 *(.rela.bss .rela.bss.* .rela.gnu.linkonce.b.*)

.rel.ctors
 *(.rel.ctors)

.rela.ctors
 *(.rela.ctors)

.rel.dtors
 *(.rel.dtors)

.rela.dtors
 *(.rela.dtors)

.rel.got
 *(.rel.got)

.rela.got
 *(.rela.got)

.rel.plt
 *(.rel.plt)

.rela.plt
 *(.rela.plt)

.text           0x00004000     0xab8a
                0x00004000                . = ALIGN (0x2)
 *(.init .init.*)
 *(.init0)
 .init0         0x00004000        0x0 /usr/lib/gcc/msp430/4.6.3/mmpy-16/libcrt0.a(_reset_vector__.o)
                0x00004000                _reset_vector__
 *(.init1)
 .init1         0x00004000        0xc /usr/lib/gcc/msp430/4.6.3/mmpy-16/libcrt0.a(__watchdog_support.o)
                0x00004000                __watchdog_support
 *(.init2)
 .init2         0x0000400c        0x4 /usr/lib/gcc/msp430/4.6.3/mmpy-16/libcrt0.a(__init_stack.o)
                0x0000400c                __init_stack
 *(.init3)
 .init3         0x00004010        0x0 /usr/lib/gcc/msp430/4.6.3/mmpy-16/libcrt0.a(__low_level_init.o)
                0x00004010                __low_level_init
 *(.init4)
 .init4         0x00004010       0x18 /usr/lib/gcc/msp430/4.6.3/mmpy-16/libcrt0.a(_copy_data.o)
                0x00004010                __do_copy_data
 .init4         0x00004028       0x16 /usr/lib/gcc/msp430/4.6.3/mmpy-16/libcrt0.a(_clear_bss.o)
                0x00004028                __do_clear_bss
 *(.init5)
 *(.init6)
 *(.init7)
 *(.init8)
 *(.init9)
 .init9         0x0000403e      0x2e8 obj_sky/contiki-sky-main.o
                0x0000403e                main
 *(.fini9)
 .fini9         0x00004326        0x0 /usr/lib/gcc/msp430/4.6.3/mmpy-16/libcrt0.a(__stop_progExec__.o)
                0x00004326                __stop_progExec__
 *(.fini8)
 *(.fini7)
 *(.fini6)
 *(.fini5)
 *(.fini4)
 *(.fini3)
 *(.fini2)
 *(.fini1)
 *(.fini0)
 .fini0         0x00004326        0x6 /usr/lib/gcc/msp430/4.6.3/mmpy-16/libcrt0.a(_endless_loop__.o)
                0x00004326                _endless_loop__
 *(.fini .fini.*)
                0x0000432c                . = ALIGN (0x2)
                0x0000432c                __ctors_start = .
 *(.ctors)
                0x0000432c                __ctors_end = .
                0x0000432c                __dtors_start = .
 *(.dtors)
                0x0000432c                __dtors_end = .
                0x0000432c                . = ALIGN (0x2)
 *(.text .text.* .gnu.linkonce.t.*)
 .text          0x0000432c        0x4 /usr/lib/gcc/msp430/4.6.3/mmpy-16/crt0ivtbl16.o
                0x0000432c                __isr_14
                0x0000432c                __isr_11
                0x0000432c                __isr_2
                0x0000432c                __isr_7
                0x0000432c                __isr_0
                0x0000432c                __isr_8
                0x0000432c                __isr_12
                0x0000432c                __isr_13
                0x0000432c                __isr_9
 .text.process_thread_udp_echo_server_process
                0x00004330      0x484 6lbr-demo.co
 .text.add_ipaddr
                0x000047b4       0x80 obj_sky/udp-client.o
                0x000047b4                add_ipaddr
 .text.process_thread_udp_client_process
                0x00004834      0x1ea obj_sky/udp-client.o
 .text.start_apps
                0x00004a1e        0xc obj_sky/6lbr-demo-main.o
                0x00004a1e                start_apps
 .text.process_thread_demo_6lbr_process
                0x00004a2a       0x1a obj_sky/6lbr-demo-main.o
 .text.init_platform
                0x00004a44        0xc contiki-sky.a(contiki-sky-pla)
                0x00004a44                init_platform
 .text.status   0x00004a50       0x16 contiki-sky.a(button-sensor.o)
 .text.configure
                0x00004a66       0x52 contiki-sky.a(button-sensor.o)
 .text.value    0x00004ab8       0x22 contiki-sky.a(button-sensor.o)
 .text.irq_p2   0x00004ada       0x48 contiki-sky.a(button-sensor.o)
                0x00004ada                irq_p2
                0x00004ada                __isr_1
 .text.value    0x00004b22       0x12 contiki-sky.a(radio-sensor.o)
 .text.configure
                0x00004b34       0x12 contiki-sky.a(radio-sensor.o)
 .text.status   0x00004b46       0x12 contiki-sky.a(radio-sensor.o)
 .text.owreadb  0x00004b58       0x52 contiki-sky.a(ds2411.o)
 .text.ds2411_init
                0x00004baa      0x122 contiki-sky.a(ds2411.o)
                0x00004baa                ds2411_init
 .text.wait_ready
                0x00004ccc       0x50 contiki-sky.a(xmem.o)
 .text.xmem_init
                0x00004d1c       0x3e contiki-sky.a(xmem.o)
                0x00004d1c                xmem_init
 .text.xmem_pread
                0x00004d5a       0xb0 contiki-sky.a(xmem.o)
                0x00004d5a                xmem_pread
 .text.node_id_restore
                0x00004e0a       0x38 contiki-sky.a(node-id.o)
                0x00004e0a                node_id_restore
 .text.process_thread_sensors_process
                0x00004e42       0xbe contiki-sky.a(sensors.o)
 .text.sensors_changed
                0x00004f00       0x2a contiki-sky.a(sensors.o)
                0x00004f00                sensors_changed
 .text.get_object
                0x00004f2a        0x4 contiki-sky.a(cc2420.o)
 .text.set_object
                0x00004f2e        0x4 contiki-sky.a(cc2420.o)
 .text.strobe   0x00004f32       0x20 contiki-sky.a(cc2420.o)
 .text.getreg   0x00004f52       0x54 contiki-sky.a(cc2420.o)
 .text.setreg   0x00004fa6       0x52 contiki-sky.a(cc2420.o)
 .text.write_ram
                0x00004ff8       0x80 contiki-sky.a(cc2420.o)
 .text.write_fifo_buf
                0x00005078       0x40 contiki-sky.a(cc2420.o)
 .text.get_status
                0x000050b8       0x24 contiki-sky.a(cc2420.o)
 .text.on       0x000050dc       0x1a contiki-sky.a(cc2420.o)
 .text.set_txpower
                0x000050f6       0x26 contiki-sky.a(cc2420.o)
 .text.cc2420_receiving_packet
                0x0000511c        0xe contiki-sky.a(cc2420.o)
 .text.pending_packet
                0x0000512a        0x8 contiki-sky.a(cc2420.o)
 .text.wait_for_transmission
                0x00005132       0x22 contiki-sky.a(cc2420.o)
 .text.wait_for_status
                0x00005154       0x2a contiki-sky.a(cc2420.o)
 .text.getrxdata
                0x0000517e       0x56 contiki-sky.a(cc2420.o)
 .text.flushrx  0x000051d4       0x1a contiki-sky.a(cc2420.o)
 .text.off      0x000051ee       0x2c contiki-sky.a(cc2420.o)
 .text.RELEASE_LOCK
                0x0000521a       0x28 contiki-sky.a(cc2420.o)
 .text.set_key  0x00005242       0x18 contiki-sky.a(cc2420.o)
 .text.set_frame_filtering
                0x0000525a       0x30 contiki-sky.a(cc2420.o)
 .text.set_auto_ack
                0x0000528a       0x30 contiki-sky.a(cc2420.o)
 .text.set_poll_mode
                0x000052ba       0x36 contiki-sky.a(cc2420.o)
 .text.cc2420_prepare
                0x000052f0       0x3c contiki-sky.a(cc2420.o)
 .text.cc2420_on
                0x0000532c       0x22 contiki-sky.a(cc2420.o)
                0x0000532c                cc2420_on
 .text.cc2420_off
                0x0000534e       0x30 contiki-sky.a(cc2420.o)
                0x0000534e                cc2420_off
 .text.cc2420_cca
                0x0000537e       0x5e contiki-sky.a(cc2420.o)
 .text.cc2420_read
                0x000053dc       0xc0 contiki-sky.a(cc2420.o)
 .text.process_thread_cc2420_process
                0x0000549c       0x58 contiki-sky.a(cc2420.o)
 .text.encrypt  0x000054f4       0x8e contiki-sky.a(cc2420.o)
 .text.cc2420_set_channel
                0x00005582       0x3c contiki-sky.a(cc2420.o)
                0x00005582                cc2420_set_channel
 .text.cc2420_set_pan_addr
                0x000055be       0x4c contiki-sky.a(cc2420.o)
                0x000055be                cc2420_set_pan_addr
 .text.cc2420_interrupt
                0x0000560a       0x18 contiki-sky.a(cc2420.o)
                0x0000560a                cc2420_interrupt
 .text.cc2420_set_txpower
                0x00005622        0xe contiki-sky.a(cc2420.o)
                0x00005622                cc2420_set_txpower
 .text.cc2420_get_txpower
                0x00005630       0x1e contiki-sky.a(cc2420.o)
                0x00005630                cc2420_get_txpower
 .text.cc2420_transmit
                0x0000564e       0x90 contiki-sky.a(cc2420.o)
 .text.cc2420_send
                0x000056de       0x12 contiki-sky.a(cc2420.o)
 .text.cc2420_rssi
                0x000056f0       0x4c contiki-sky.a(cc2420.o)
                0x000056f0                cc2420_rssi
 .text.get_value
                0x0000573c      0x108 contiki-sky.a(cc2420.o)
 .text.cc2420_set_cca_threshold
                0x00005844       0x16 contiki-sky.a(cc2420.o)
                0x00005844                cc2420_set_cca_threshold
 .text.set_value
                0x0000585a       0xba contiki-sky.a(cc2420.o)
 .text.cc2420_init
                0x00005914       0xf0 contiki-sky.a(cc2420.o)
                0x00005914                cc2420_init
 .text.cc2420_port1_interrupt
                0x00005a04       0x20 contiki-sky.a(cc2420-arch.o)
                0x00005a04                __isr_4
                0x00005a04                cc2420_port1_interrupt
 .text.cc2420_arch_init
                0x00005a24       0x1a contiki-sky.a(cc2420-arch.o)
                0x00005a24                cc2420_arch_init
 .text.uart1_active
                0x00005a3e       0x1a contiki-sky.a(uart1.o)
                0x00005a3e                uart1_active
 .text.uart1_writeb
                0x00005a58       0x1a contiki-sky.a(uart1.o)
                0x00005a58                uart1_writeb
 .text.uart1_init
                0x00005a72       0xc6 contiki-sky.a(uart1.o)
                0x00005a72                uart1_init
 .text.uart1_rx_interrupt
                0x00005b38       0x54 contiki-sky.a(uart1.o)
                0x00005b38                uart1_rx_interrupt
                0x00005b38                __isr_3
 .text.putchar  0x00005b8c       0x10 contiki-sky.a(uart1-putchar.o)
                0x00005b8c                putchar
 .text.msp430_init_dco
                0x00005b9c       0x84 contiki-sky.a(msp430.o)
                0x00005b9c                msp430_init_dco
 .text.msp430_cpu_init
                0x00005c20       0x2a contiki-sky.a(msp430.o)
                0x00005c20                msp430_cpu_init
 .text.splhigh_
                0x00005c4a        0x8 contiki-sky.a(msp430.o)
                0x00005c4a                splhigh_
 .text.msp430_sync_dco
                0x00005c52       0x68 contiki-sky.a(msp430.o)
                0x00005c52                msp430_sync_dco
 .text.timera1  0x00005cba       0xdc contiki-sky.a(clock.o)
                0x00005cba                __isr_5
                0x00005cba                timera1
 .text.clock_time
                0x00005d96       0x1a contiki-sky.a(clock.o)
                0x00005d96                clock_time
 .text.clock_init
                0x00005db0       0x28 contiki-sky.a(clock.o)
                0x00005db0                clock_init
 .text.clock_delay
                0x00005dd8        0xc contiki-sky.a(clock.o)
                0x00005dd8                clock_delay
 .text.clock_seconds
                0x00005de4       0x1a contiki-sky.a(clock.o)
                0x00005de4                clock_seconds
 .text.show_leds
                0x00005dfe        0xa contiki-sky.a(leds.o)
 .text.leds_init
                0x00005e08        0xa contiki-sky.a(leds.o)
                0x00005e08                leds_init
 .text.leds_on  0x00005e12        0xa contiki-sky.a(leds.o)
                0x00005e12                leds_on
 .text.leds_off
                0x00005e1c        0xe contiki-sky.a(leds.o)
                0x00005e1c                leds_off
 .text.leds_arch_init
                0x00005e2a        0xe contiki-sky.a(leds-arch.o)
                0x00005e2a                leds_arch_init
 .text.leds_arch_set
                0x00005e38       0x3a contiki-sky.a(leds-arch.o)
                0x00005e38                leds_arch_set
 .text.watchdog_interrupt
                0x00005e72        0x6 contiki-sky.a(watchdog.o)
                0x00005e72                __isr_10
                0x00005e72                watchdog_interrupt
 .text.watchdog_start
                0x00005e78       0x14 contiki-sky.a(watchdog.o)
                0x00005e78                watchdog_start
 .text.watchdog_periodic
                0x00005e8c       0x12 contiki-sky.a(watchdog.o)
                0x00005e8c                watchdog_periodic
 .text.watchdog_stop
                0x00005e9e       0x16 contiki-sky.a(watchdog.o)
                0x00005e9e                watchdog_stop
 .text.watchdog_init
                0x00005eb4       0x14 contiki-sky.a(watchdog.o)
                0x00005eb4                watchdog_init
 .text.timera0  0x00005ec8       0x2e contiki-sky.a(rtimer-arch.o)
                0x00005ec8                __isr_6
                0x00005ec8                timera0
 .text.rtimer_arch_init
                0x00005ef6        0xe contiki-sky.a(rtimer-arch.o)
                0x00005ef6                rtimer_arch_init
 .text.rtimer_arch_now
                0x00005f04        0xe contiki-sky.a(rtimer-arch.o)
                0x00005f04                rtimer_arch_now
 .text.rtimer_arch_schedule
                0x00005f12        0x6 contiki-sky.a(rtimer-arch.o)
                0x00005f12                rtimer_arch_schedule
 .text.autostart_start
                0x00005f18       0x16 contiki-sky.a(autostart.o)
                0x00005f18                autostart_start
 .text.process_thread_ctimer_process
                0x00005f2e       0xa4 contiki-sky.a(ctimer.o)
 .text.ctimer_init
                0x00005fd2       0x18 contiki-sky.a(ctimer.o)
                0x00005fd2                ctimer_init
 .text.ctimer_set_with_process
                0x00005fea       0x4e contiki-sky.a(ctimer.o)
                0x00005fea                ctimer_set_with_process
 .text.ctimer_set
                0x00006038       0x10 contiki-sky.a(ctimer.o)
                0x00006038                ctimer_set
 .text.ctimer_reset
                0x00006048       0x30 contiki-sky.a(ctimer.o)
                0x00006048                ctimer_reset
 .text.ctimer_restart
                0x00006078       0x30 contiki-sky.a(ctimer.o)
                0x00006078                ctimer_restart
 .text.ctimer_stop
                0x000060a8       0x28 contiki-sky.a(ctimer.o)
                0x000060a8                ctimer_stop
 .text.energest_type_set
                0x000060d0        0x2 contiki-sky.a(energest.o)
                0x000060d0                energest_type_set
 .text.energest_init
                0x000060d2        0x2 contiki-sky.a(energest.o)
                0x000060d2                energest_init
 .text.energest_type_time
                0x000060d4        0x6 contiki-sky.a(energest.o)
                0x000060d4                energest_type_time
 .text.energest_flush
                0x000060da        0x2 contiki-sky.a(energest.o)
                0x000060da                energest_flush
 .text.update_time
                0x000060dc       0x78 contiki-sky.a(etimer.o)
 .text.etimer_request_poll
                0x00006154        0xa contiki-sky.a(etimer.o)
                0x00006154                etimer_request_poll
 .text.process_thread_etimer_process
                0x0000615e       0xc8 contiki-sky.a(etimer.o)
 .text.add_timer
                0x00006226       0x40 contiki-sky.a(etimer.o)
 .text.etimer_set
                0x00006266       0x12 contiki-sky.a(etimer.o)
                0x00006266                etimer_set
 .text.etimer_reset
                0x00006278       0x12 contiki-sky.a(etimer.o)
                0x00006278                etimer_reset
 .text.etimer_restart
                0x0000628a       0x12 contiki-sky.a(etimer.o)
                0x0000628a                etimer_restart
 .text.etimer_expired
                0x0000629c        0xe contiki-sky.a(etimer.o)
                0x0000629c                etimer_expired
 .text.etimer_expiration_time
                0x000062aa       0x14 contiki-sky.a(etimer.o)
                0x000062aa                etimer_expiration_time
 .text.etimer_pending
                0x000062be        0xc contiki-sky.a(etimer.o)
                0x000062be                etimer_pending
 .text.etimer_next_expiration_time
                0x000062ca       0x16 contiki-sky.a(etimer.o)
                0x000062ca                etimer_next_expiration_time
 .text.etimer_stop
                0x000062e0       0x3c contiki-sky.a(etimer.o)
                0x000062e0                etimer_stop
 .text.call_process
                0x0000631c       0x4a contiki-sky.a(process.o)
 .text.exit_process
                0x00006366       0x96 contiki-sky.a(process.o)
 .text.do_poll  0x000063fc       0x30 contiki-sky.a(process.o)
 .text.process_alloc_event
                0x0000642c        0xe contiki-sky.a(process.o)
                0x0000642c                process_alloc_event
 .text.process_init
                0x0000643a       0x1c contiki-sky.a(process.o)
                0x0000643a                process_init
 .text.process_run
                0x00006456       0xa2 contiki-sky.a(process.o)
                0x00006456                process_run
 .text.process_nevents
                0x000064f8        0xe contiki-sky.a(process.o)
                0x000064f8                process_nevents
 .text.process_post
                0x00006506       0x54 contiki-sky.a(process.o)
                0x00006506                process_post
 .text.process_post_synch
                0x0000655a       0x12 contiki-sky.a(process.o)
                0x0000655a                process_post_synch
 .text.process_start
                0x0000656c       0x32 contiki-sky.a(process.o)
                0x0000656c                process_start
 .text.process_poll
                0x0000659e       0x18 contiki-sky.a(process.o)
                0x0000659e                process_poll
 .text.rtimer_init
                0x000065b6        0x6 contiki-sky.a(rtimer.o)
                0x000065b6                rtimer_init
 .text.rtimer_run_next
                0x000065bc       0x26 contiki-sky.a(rtimer.o)
                0x000065bc                rtimer_run_next
 .text.timer_set
                0x000065e2       0x1c contiki-sky.a(timer.o)
                0x000065e2                timer_set
 .text.timer_reset
                0x000065fe        0xe contiki-sky.a(timer.o)
                0x000065fe                timer_reset
 .text.timer_restart
                0x0000660c       0x14 contiki-sky.a(timer.o)
                0x0000660c                timer_restart
 .text.timer_expired
                0x00006620       0x2a contiki-sky.a(timer.o)
                0x00006620                timer_expired
 .text.list_init
                0x0000664a        0x6 contiki-sky.a(list.o)
                0x0000664a                list_init
 .text.list_head
                0x00006650        0x4 contiki-sky.a(list.o)
                0x00006650                list_head
 .text.list_tail
                0x00006654       0x12 contiki-sky.a(list.o)
                0x00006654                list_tail
 .text.list_remove
                0x00006666       0x34 contiki-sky.a(list.o)
                0x00006666                list_remove
 .text.list_push
                0x0000669a       0x1a contiki-sky.a(list.o)
                0x0000669a                list_push
 .text.list_add
                0x000066b4       0x2a contiki-sky.a(list.o)
                0x000066b4                list_add
 .text.list_length
                0x000066de       0x10 contiki-sky.a(list.o)
                0x000066de                list_length
 .text.list_item_next
                0x000066ee        0xc contiki-sky.a(list.o)
                0x000066ee                list_item_next
 .text.random_init
                0x000066fa        0x6 contiki-sky.a(random.o)
                0x000066fa                random_init
 .text.random_rand
                0x00006700        0x6 contiki-sky.a(random.o)
                0x00006700                random_rand
 .text.clear_fragments
                0x00006706       0x42 contiki-sky.a(sicslowpan.o)
 .text.set_packet_attrs
                0x00006748       0x44 contiki-sky.a(sicslowpan.o)
 .text.addr_context_lookup_by_number
                0x0000678c       0x36 contiki-sky.a(sicslowpan.o)
 .text.compress_addr_64
                0x000067c2       0xae contiki-sky.a(sicslowpan.o)
 .text.store_fragment
                0x00006870       0xc8 contiki-sky.a(sicslowpan.o)
 .text.add_fragment
                0x00006938      0x1ee contiki-sky.a(sicslowpan.o)
 .text.uncompress_addr
                0x00006b26       0xb4 contiki-sky.a(sicslowpan.o)
 .text.input    0x00006bda      0x6e8 contiki-sky.a(sicslowpan.o)
 .text.sicslowpan_init
                0x000072c2       0x3a contiki-sky.a(sicslowpan.o)
                0x000072c2                sicslowpan_init
 .text.addr_context_lookup_by_prefix
                0x000072fc       0x4c contiki-sky.a(sicslowpan.o)
 .text.send_packet
                0x00007348       0x1a contiki-sky.a(sicslowpan.o)
 .text.output   0x00007362      0x6d0 contiki-sky.a(sicslowpan.o)
 .text.packet_sent
                0x00007a32       0x22 contiki-sky.a(sicslowpan.o)
 .text.chksum   0x00007a54       0x32 contiki-sky.a(uip6.o)
 .text.upper_layer_chksum
                0x00007a86       0x56 contiki-sky.a(uip6.o)
 .text.ext_hdr_options_process
                0x00007adc       0xda contiki-sky.a(uip6.o)
 .text.uip_icmp6chksum
                0x00007bb6        0xa contiki-sky.a(uip6.o)
                0x00007bb6                uip_icmp6chksum
 .text.uip_udpchksum
                0x00007bc0        0xa contiki-sky.a(uip6.o)
                0x00007bc0                uip_udpchksum
 .text.uip_init
                0x00007bca       0x42 contiki-sky.a(uip6.o)
                0x00007bca                uip_init
 .text.remove_ext_hdr
                0x00007c0c       0x60 contiki-sky.a(uip6.o)
                0x00007c0c                remove_ext_hdr
 .text.uip_udp_new
                0x00007c6c       0xf4 contiki-sky.a(uip6.o)
                0x00007c6c                uip_udp_new
 .text.uip_process
                0x00007d60      0x4b0 contiki-sky.a(uip6.o)
                0x00007d60                uip_process
 .text.uip_htonl
                0x00008210       0x2e contiki-sky.a(uip6.o)
                0x00008210                uip_htonl
 .text.uip_ds6_list_loop
                0x0000823e       0x86 contiki-sky.a(uip-ds6.o)
                0x0000823e                uip_ds6_list_loop
 .text.uip_ds6_prefix_add
                0x000082c4       0x80 contiki-sky.a(uip-ds6.o)
                0x000082c4                uip_ds6_prefix_add
 .text.uip_ds6_is_addr_onlink
                0x00008344       0x54 contiki-sky.a(uip-ds6.o)
                0x00008344                uip_ds6_is_addr_onlink
 .text.uip_ds6_addr_lookup
                0x00008398       0x2a contiki-sky.a(uip-ds6.o)
                0x00008398                uip_ds6_addr_lookup
 .text.uip_ds6_get_link_local
                0x000083c2       0x3e contiki-sky.a(uip-ds6.o)
                0x000083c2                uip_ds6_get_link_local
 .text.uip_ds6_get_global
                0x00008400       0x3e contiki-sky.a(uip-ds6.o)
                0x00008400                uip_ds6_get_global
 .text.uip_ds6_maddr_add
                0x0000843e       0x4c contiki-sky.a(uip-ds6.o)
                0x0000843e                uip_ds6_maddr_add
 .text.uip_ds6_addr_add
                0x0000848a       0xc4 contiki-sky.a(uip-ds6.o)
                0x0000848a                uip_ds6_addr_add
 .text.uip_ds6_maddr_lookup
                0x0000854e       0x2a contiki-sky.a(uip-ds6.o)
                0x0000854e                uip_ds6_maddr_lookup
 .text.uip_ds6_addr_rm
                0x00008578       0x54 contiki-sky.a(uip-ds6.o)
                0x00008578                uip_ds6_addr_rm
 .text.uip_ds6_periodic
                0x000085cc       0x4a contiki-sky.a(uip-ds6.o)
                0x000085cc                uip_ds6_periodic
 .text.uip_ds6_set_addr_iid
                0x00008616       0x14 contiki-sky.a(uip-ds6.o)
                0x00008616                uip_ds6_set_addr_iid
 .text.get_match_length
                0x0000862a       0x3e contiki-sky.a(uip-ds6.o)
                0x0000862a                get_match_length
 .text.uip_ds6_select_src
                0x00008668       0xaa contiki-sky.a(uip-ds6.o)
                0x00008668                uip_ds6_select_src
 .text.uip_ds6_compute_reachable_time
                0x00008712       0x3e contiki-sky.a(uip-ds6.o)
                0x00008712                uip_ds6_compute_reachable_time
 .text.uip_ds6_init
                0x00008750      0x154 contiki-sky.a(uip-ds6.o)
                0x00008750                uip_ds6_init
 .text.uip_ds6_nbr_rm
                0x000088a4       0x1e contiki-sky.a(uip-ds6-nbr.o)
                0x000088a4                uip_ds6_nbr_rm
 .text.uip_ds6_neighbors_init
                0x000088c2        0xe contiki-sky.a(uip-ds6-nbr.o)
                0x000088c2                uip_ds6_neighbors_init
 .text.uip_ds6_nbr_add
                0x000088d0       0x68 contiki-sky.a(uip-ds6-nbr.o)
                0x000088d0                uip_ds6_nbr_add
 .text.uip_ds6_nbr_get_ll
                0x00008938        0xc contiki-sky.a(uip-ds6-nbr.o)
                0x00008938                uip_ds6_nbr_get_ll
 .text.uip_ds6_nbr_lookup
                0x00008944       0x42 contiki-sky.a(uip-ds6-nbr.o)
                0x00008944                uip_ds6_nbr_lookup
 .text.uip_ds6_nbr_ll_lookup
                0x00008986        0xc contiki-sky.a(uip-ds6-nbr.o)
                0x00008986                uip_ds6_nbr_ll_lookup
 .text.uip_ds6_nbr_ipaddr_from_lladdr
                0x00008992        0x6 contiki-sky.a(uip-ds6-nbr.o)
                0x00008992                uip_ds6_nbr_ipaddr_from_lladdr
 .text.uip_ds6_nbr_lladdr_from_ipaddr
                0x00008998       0x12 contiki-sky.a(uip-ds6-nbr.o)
                0x00008998                uip_ds6_nbr_lladdr_from_ipaddr
 .text.uip_ds6_link_neighbor_callback
                0x000089aa       0x2a contiki-sky.a(uip-ds6-nbr.o)
                0x000089aa                uip_ds6_link_neighbor_callback
 .text.uip_ds6_neighbor_periodic
                0x000089d4      0x120 contiki-sky.a(uip-ds6-nbr.o)
                0x000089d4                uip_ds6_neighbor_periodic
 .text.call_route_callback
                0x00008af4       0x4c contiki-sky.a(uip-ds6-route.o)
 .text.uip_ds6_route_init
                0x00008b40       0x36 contiki-sky.a(uip-ds6-route.o)
                0x00008b40                uip_ds6_route_init
 .text.uip_ds6_route_nexthop
                0x00008b76       0x1a contiki-sky.a(uip-ds6-route.o)
                0x00008b76                uip_ds6_route_nexthop
 .text.uip_ds6_route_head
                0x00008b90        0xa contiki-sky.a(uip-ds6-route.o)
                0x00008b90                uip_ds6_route_head
 .text.uip_ds6_route_next
                0x00008b9a        0xe contiki-sky.a(uip-ds6-route.o)
                0x00008b9a                uip_ds6_route_next
 .text.uip_ds6_route_is_nexthop
                0x00008ba8       0x1e contiki-sky.a(uip-ds6-route.o)
                0x00008ba8                uip_ds6_route_is_nexthop
 .text.uip_ds6_route_lookup
                0x00008bc6       0x8c contiki-sky.a(uip-ds6-route.o)
                0x00008bc6                uip_ds6_route_lookup
 .text.uip_ds6_route_rm
                0x00008c52       0xa2 contiki-sky.a(uip-ds6-route.o)
                0x00008c52                uip_ds6_route_rm
 .text.rm_routelist
                0x00008cf4       0x34 contiki-sky.a(uip-ds6-route.o)
 .text.rm_routelist_callback
                0x00008d28        0x6 contiki-sky.a(uip-ds6-route.o)
 .text.uip_ds6_route_add
                0x00008d2e      0x110 contiki-sky.a(uip-ds6-route.o)
                0x00008d2e                uip_ds6_route_add
 .text.uip_ds6_defrt_rm
                0x00008e3e       0x48 contiki-sky.a(uip-ds6-route.o)
                0x00008e3e                uip_ds6_defrt_rm
 .text.uip_ds6_defrt_lookup
                0x00008e86       0x36 contiki-sky.a(uip-ds6-route.o)
                0x00008e86                uip_ds6_defrt_lookup
 .text.uip_ds6_defrt_add
                0x00008ebc       0x74 contiki-sky.a(uip-ds6-route.o)
                0x00008ebc                uip_ds6_defrt_add
 .text.uip_ds6_defrt_choose
                0x00008f30       0x3a contiki-sky.a(uip-ds6-route.o)
                0x00008f30                uip_ds6_defrt_choose
 .text.uip_ds6_defrt_periodic
                0x00008f6a       0x38 contiki-sky.a(uip-ds6-route.o)
                0x00008f6a                uip_ds6_defrt_periodic
 .text.echo_reply_input
                0x00008fa2      0x116 contiki-sky.a(uip-icmp6.o)
 .text.echo_request_input
                0x000090b8      0x12c contiki-sky.a(uip-icmp6.o)
 .text.uip_icmp6_input
                0x000091e4       0x44 contiki-sky.a(uip-icmp6.o)
                0x000091e4                uip_icmp6_input
 .text.uip_icmp6_register_input_handler
                0x00009228        0xc contiki-sky.a(uip-icmp6.o)
                0x00009228                uip_icmp6_register_input_handler
 .text.uip_icmp6_error_output
                0x00009234      0x180 contiki-sky.a(uip-icmp6.o)
                0x00009234                uip_icmp6_error_output
 .text.uip_icmp6_send
                0x000093b4       0x96 contiki-sky.a(uip-icmp6.o)
                0x000093b4                uip_icmp6_send
 .text.uip_icmp6_init
                0x0000944a       0x12 contiki-sky.a(uip-icmp6.o)
                0x0000944a                uip_icmp6_init
 .text.na_input
                0x0000945c      0x1ba contiki-sky.a(uip-nd6.o)
 .text.create_llao
                0x00009616       0x2c contiki-sky.a(uip-nd6.o)
 .text.ns_input
                0x00009642      0x260 contiki-sky.a(uip-nd6.o)
 .text.uip_nd6_ns_output
                0x000098a2      0x15c contiki-sky.a(uip-nd6.o)
                0x000098a2                uip_nd6_ns_output
 .text.uip_nd6_init
                0x000099fe       0x12 contiki-sky.a(uip-nd6.o)
                0x000099fe                uip_nd6_init
 .text.tcpip_inputfunc
                0x00009a10       0x16 contiki-sky.a(tcpip.o)
                0x00009a10                tcpip_inputfunc
 .text.tcpip_output
                0x00009a26       0x10 contiki-sky.a(tcpip.o)
                0x00009a26                tcpip_output
 .text.tcpip_set_outputfunc
                0x00009a36        0x6 contiki-sky.a(tcpip.o)
                0x00009a36                tcpip_set_outputfunc
 .text.tcpip_input
                0x00009a3c        0xc contiki-sky.a(tcpip.o)
                0x00009a3c                tcpip_input
 .text.udp_new  0x00009a48       0x1a contiki-sky.a(tcpip.o)
                0x00009a48                udp_new
 .text.tcpip_ipv6_output
                0x00009a62      0x144 contiki-sky.a(tcpip.o)
                0x00009a62                tcpip_ipv6_output
 .text.process_thread_tcpip_process
                0x00009ba6       0xd6 contiki-sky.a(tcpip.o)
 .text.tcpip_uipcall
                0x00009c7c       0x2a contiki-sky.a(tcpip.o)
                0x00009c7c                tcpip_uipcall
 .text.uip_debug_ipaddr_print
                0x00009ca6       0xc6 contiki-sky.a(uip-debug.o)
                0x00009ca6                uip_debug_ipaddr_print
 .text.uip_udp_packet_send
                0x00009d6c       0x2e contiki-sky.a(uip-udp-packet.)
                0x00009d6c                uip_udp_packet_send
 .text.rpl_get_mode
                0x00009d9a        0x6 contiki-sky.a(rpl.o)
                0x00009d9a                rpl_get_mode
 .text.rpl_purge_routes
                0x00009da0       0x94 contiki-sky.a(rpl.o)
                0x00009da0                rpl_purge_routes
 .text.rpl_remove_routes
                0x00009e34       0x22 contiki-sky.a(rpl.o)
                0x00009e34                rpl_remove_routes
 .text.rpl_remove_routes_by_nexthop
                0x00009e56       0x46 contiki-sky.a(rpl.o)
                0x00009e56                rpl_remove_routes_by_nexthop
 .text.rpl_add_route
                0x00009e9c       0x8a contiki-sky.a(rpl.o)
                0x00009e9c                rpl_add_route
 .text.rpl_link_neighbor_callback
                0x00009f26       0x7c contiki-sky.a(rpl.o)
                0x00009f26                rpl_link_neighbor_callback
 .text.rpl_ipv6_neighbor_callback
                0x00009fa2       0x1e contiki-sky.a(rpl.o)
                0x00009fa2                rpl_ipv6_neighbor_callback
 .text.rpl_purge_dags
                0x00009fc0       0x6e contiki-sky.a(rpl.o)
                0x00009fc0                rpl_purge_dags
 .text.rpl_init
                0x0000a02e       0x4a contiki-sky.a(rpl.o)
                0x0000a02e                rpl_init
 .text.lollipop_greater_than
                0x0000a078       0x44 contiki-sky.a(rpl-dag.o)
 .text.acceptable_rank
                0x0000a0bc       0x50 contiki-sky.a(rpl-dag.o)
 .text.find_parent_any_dag_any_instance
                0x0000a10c       0x14 contiki-sky.a(rpl-dag.o)
 .text.rpl_set_preferred_parent
                0x0000a120       0x30 contiki-sky.a(rpl-dag.o)
 .text.set_ip_from_prefix
                0x0000a150       0x38 contiki-sky.a(rpl-dag.o)
 .text.check_prefix
                0x0000a188       0x80 contiki-sky.a(rpl-dag.o)
 .text.rpl_get_nbr
                0x0000a208       0x1e contiki-sky.a(rpl-dag.o)
                0x0000a208                rpl_get_nbr
 .text.rpl_dag_init
                0x0000a226        0xe contiki-sky.a(rpl-dag.o)
                0x0000a226                rpl_dag_init
 .text.rpl_get_parent
                0x0000a234        0xc contiki-sky.a(rpl-dag.o)
                0x0000a234                rpl_get_parent
 .text.rpl_get_parent_ipaddr
                0x0000a240       0x10 contiki-sky.a(rpl-dag.o)
                0x0000a240                rpl_get_parent_ipaddr
 .text.rpl_set_prefix
                0x0000a250       0x9c contiki-sky.a(rpl-dag.o)
                0x0000a250                rpl_set_prefix
 .text.rpl_set_default_route
                0x0000a2ec       0x4a contiki-sky.a(rpl-dag.o)
                0x0000a2ec                rpl_set_default_route
 .text.rpl_alloc_instance
                0x0000a336       0x34 contiki-sky.a(rpl-dag.o)
                0x0000a336                rpl_alloc_instance
 .text.rpl_add_parent
                0x0000a36a       0x5a contiki-sky.a(rpl-dag.o)
                0x0000a36a                rpl_add_parent
 .text.rpl_find_parent
                0x0000a3c4       0x18 contiki-sky.a(rpl-dag.o)
                0x0000a3c4                rpl_find_parent
 .text.rpl_find_parent_any_dag
                0x0000a3dc       0x20 contiki-sky.a(rpl-dag.o)
                0x0000a3dc                rpl_find_parent_any_dag
 .text.rpl_select_parent
                0x0000a3fc       0x84 contiki-sky.a(rpl-dag.o)
                0x0000a3fc                rpl_select_parent
 .text.rpl_select_dag
                0x0000a480      0x15e contiki-sky.a(rpl-dag.o)
                0x0000a480                rpl_select_dag
 .text.rpl_nullify_parent
                0x0000a5de       0x52 contiki-sky.a(rpl-dag.o)
                0x0000a5de                rpl_nullify_parent
 .text.rpl_remove_parent
                0x0000a630       0x16 contiki-sky.a(rpl-dag.o)
                0x0000a630                rpl_remove_parent
 .text.nbr_callback
                0x0000a646        0x6 contiki-sky.a(rpl-dag.o)
 .text.remove_parents.constprop.2
                0x0000a64c       0x30 contiki-sky.a(rpl-dag.o)
 .text.rpl_free_dag
                0x0000a67c       0x36 contiki-sky.a(rpl-dag.o)
                0x0000a67c                rpl_free_dag
 .text.rpl_move_parent
                0x0000a6b2       0x5a contiki-sky.a(rpl-dag.o)
                0x0000a6b2                rpl_move_parent
 .text.rpl_get_any_dag
                0x0000a70c       0x18 contiki-sky.a(rpl-dag.o)
                0x0000a70c                rpl_get_any_dag
 .text.rpl_get_instance
                0x0000a724       0x1a contiki-sky.a(rpl-dag.o)
                0x0000a724                rpl_get_instance
 .text.rpl_alloc_dag
                0x0000a73e       0x6a contiki-sky.a(rpl-dag.o)
                0x0000a73e                rpl_alloc_dag
 .text.rpl_find_of
                0x0000a7a8       0x10 contiki-sky.a(rpl-dag.o)
                0x0000a7a8                rpl_find_of
 .text.rpl_join_instance
                0x0000a7b8      0x138 contiki-sky.a(rpl-dag.o)
                0x0000a7b8                rpl_join_instance
 .text.rpl_local_repair
                0x0000a8f0       0x94 contiki-sky.a(rpl-dag.o)
                0x0000a8f0                rpl_local_repair
 .text.rpl_process_parent_event
                0x0000a984       0x4c contiki-sky.a(rpl-dag.o)
                0x0000a984                rpl_process_parent_event
 .text.rpl_recalculate_ranks
                0x0000a9d0       0x46 contiki-sky.a(rpl-dag.o)
                0x0000a9d0                rpl_recalculate_ranks
 .text.rpl_add_dag
                0x0000aa16      0x11a contiki-sky.a(rpl-dag.o)
                0x0000aa16                rpl_add_dag
 .text.rpl_process_dio
                0x0000ab30      0x380 contiki-sky.a(rpl-dag.o)
                0x0000ab30                rpl_process_dio
 .text.rpl_verify_header
                0x0000aeb0      0x112 contiki-sky.a(rpl-ext-header.)
                0x0000aeb0                rpl_verify_header
 .text.rpl_update_header_empty
                0x0000afc2      0x126 contiki-sky.a(rpl-ext-header.)
                0x0000afc2                rpl_update_header_empty
 .text.rpl_update_header_final
                0x0000b0e8       0x92 contiki-sky.a(rpl-ext-header.)
                0x0000b0e8                rpl_update_header_final
 .text.rpl_remove_header
                0x0000b17a       0x4a contiki-sky.a(rpl-ext-header.)
                0x0000b17a                rpl_remove_header
 .text.rpl_invert_header
                0x0000b1c4       0x7a contiki-sky.a(rpl-ext-header.)
                0x0000b1c4                rpl_invert_header
 .text.rpl_insert_header
                0x0000b23e       0x12 contiki-sky.a(rpl-ext-header.)
                0x0000b23e                rpl_insert_header
 .text.prepare_for_dao_fwd
                0x0000b250       0x28 contiki-sky.a(rpl-icmp6.o)
 .text.get32    0x0000b278       0x46 contiki-sky.a(rpl-icmp6.o)
 .text.set32    0x0000b2be       0x2a contiki-sky.a(rpl-icmp6.o)
 .text.get16    0x0000b2e8        0xe contiki-sky.a(rpl-icmp6.o)
 .text.set16    0x0000b2f6       0x10 contiki-sky.a(rpl-icmp6.o)
 .text.dao_ack_input
                0x0000b306       0xd4 contiki-sky.a(rpl-icmp6.o)
 .text.get_global_addr
                0x0000b3da       0x5e contiki-sky.a(rpl-icmp6.o)
 .text.dio_input
                0x0000b438      0x2ac contiki-sky.a(rpl-icmp6.o)
 .text.dao_output_target_seq
                0x0000b6e4       0xe0 contiki-sky.a(rpl-icmp6.o)
 .text.handle_dao_retransmission
                0x0000b7c4       0xa6 contiki-sky.a(rpl-icmp6.o)
 .text.rpl_icmp6_update_nbr_table
                0x0000b86a       0x52 contiki-sky.a(rpl-icmp6.o)
                0x0000b86a                rpl_icmp6_update_nbr_table
 .text.dis_output
                0x0000b8bc       0x50 contiki-sky.a(rpl-icmp6.o)
                0x0000b8bc                dis_output
 .text.dio_output
                0x0000b90c      0x24e contiki-sky.a(rpl-icmp6.o)
                0x0000b90c                dio_output
 .text.dis_input
                0x0000bb5a       0x3e contiki-sky.a(rpl-icmp6.o)
 .text.dao_output_target
                0x0000bb98        0xa contiki-sky.a(rpl-icmp6.o)
                0x0000bb98                dao_output_target
 .text.dao_output
                0x0000bba2       0x7c contiki-sky.a(rpl-icmp6.o)
                0x0000bba2                dao_output
 .text.dao_ack_output
                0x0000bc1e       0x36 contiki-sky.a(rpl-icmp6.o)
                0x0000bc1e                dao_ack_output
 .text.dao_input
                0x0000bc54      0x310 contiki-sky.a(rpl-icmp6.o)
 .text.rpl_icmp6_register_handlers
                0x0000bf64       0x22 contiki-sky.a(rpl-icmp6.o)
                0x0000bf64                rpl_icmp6_register_handlers
 .text.reset    0x0000bf86        0x2 contiki-sky.a(rpl-mrhof.o)
 .text.update_metric_container
                0x0000bf88        0x6 contiki-sky.a(rpl-mrhof.o)
 .text.calculate_rank
                0x0000bf8e       0x3e contiki-sky.a(rpl-mrhof.o)
 .text.best_parent
                0x0000bfcc       0x72 contiki-sky.a(rpl-mrhof.o)
 .text.neighbor_link_callback
                0x0000c03e       0xa2 contiki-sky.a(rpl-mrhof.o)
 .text.best_dag
                0x0000c0e0       0x34 contiki-sky.a(rpl-mrhof.o)
 .text.dao_ack_callback
                0x0000c114       0x28 contiki-sky.a(rpl-mrhof.o)
 .text.new_dio_interval
                0x0000c13c       0x92 contiki-sky.a(rpl-timers.o)
 .text.handle_unicast_dio_timer
                0x0000c1ce       0x1c contiki-sky.a(rpl-timers.o)
 .text.handle_periodic_timer
                0x0000c1ea       0x32 contiki-sky.a(rpl-timers.o)
 .text.set_dao_lifetime_timer.part.0
                0x0000c21c       0x66 contiki-sky.a(rpl-timers.o)
 .text.schedule_dao
                0x0000c282       0x90 contiki-sky.a(rpl-timers.o)
 .text.handle_dio_timer
                0x0000c312       0x88 contiki-sky.a(rpl-timers.o)
 .text.handle_dao_timer
                0x0000c39a       0x72 contiki-sky.a(rpl-timers.o)
 .text.rpl_reset_periodic_timer
                0x0000c40c       0x60 contiki-sky.a(rpl-timers.o)
                0x0000c40c                rpl_reset_periodic_timer
 .text.rpl_reset_dio_timer
                0x0000c46c       0x18 contiki-sky.a(rpl-timers.o)
                0x0000c46c                rpl_reset_dio_timer
 .text.rpl_schedule_dao
                0x0000c484        0xc contiki-sky.a(rpl-timers.o)
                0x0000c484                rpl_schedule_dao
 .text.rpl_schedule_unicast_dio_immediately
                0x0000c490       0x16 contiki-sky.a(rpl-timers.o)
                0x0000c490                rpl_schedule_unicast_dio_immediately
 .text.rpl_schedule_probing
                0x0000c4a6       0x3c contiki-sky.a(rpl-timers.o)
                0x0000c4a6                rpl_schedule_probing
 .text.handle_probing_timer
                0x0000c4e2      0x16c contiki-sky.a(rpl-timers.o)
 .text.input_packet
                0x0000c64e        0xe contiki-sky.a(csma.o)
 .text.on       0x0000c65c        0x6 contiki-sky.a(csma.o)
 .text.off      0x0000c662        0x6 contiki-sky.a(csma.o)
 .text.channel_check_interval
                0x0000c668       0x10 contiki-sky.a(csma.o)
 .text.transmit_packet_list
                0x0000c678       0x24 contiki-sky.a(csma.o)
 .text.schedule_transmission
                0x0000c69c       0x96 contiki-sky.a(csma.o)
 .text.send_packet
                0x0000c732      0x16a contiki-sky.a(csma.o)
 .text.init     0x0000c89c       0x1e contiki-sky.a(csma.o)
 .text.tx_done  0x0000c8ba       0x94 contiki-sky.a(csma.o)
 .text.packet_sent
                0x0000c94e      0x110 contiki-sky.a(csma.o)
 .text.parse    0x0000ca5e       0xa6 contiki-sky.a(framer-802154.o)
 .text.create_frame.isra.0
                0x0000cb04      0x118 contiki-sky.a(framer-802154.o)
 .text.create   0x0000cc1c        0x8 contiki-sky.a(framer-802154.o)
 .text.hdr_length
                0x0000cc24        0x8 contiki-sky.a(framer-802154.o)
 .text.mac_call_sent_callback
                0x0000cc2c       0x14 contiki-sky.a(mac.o)
                0x0000cc2c                mac_call_sent_callback
 .text.on       0x0000cc40        0x6 contiki-sky.a(nullrdc.o)
 .text.channel_check_interval
                0x0000cc46        0x4 contiki-sky.a(nullrdc.o)
 .text.init     0x0000cc4a        0x6 contiki-sky.a(nullrdc.o)
 .text.send_one_packet
                0x0000cc50       0x6a contiki-sky.a(nullrdc.o)
 .text.send_list
                0x0000ccba       0x30 contiki-sky.a(nullrdc.o)
 .text.send_packet
                0x0000ccea        0x6 contiki-sky.a(nullrdc.o)
 .text.off      0x0000ccf0       0x10 contiki-sky.a(nullrdc.o)
 .text.packet_input
                0x0000cd00       0x26 contiki-sky.a(nullrdc.o)
 .text.linkaddr_copy
                0x0000cd26        0x8 contiki-sky.a(linkaddr.o)
                0x0000cd26                linkaddr_copy
 .text.linkaddr_cmp
                0x0000cd2e       0x12 contiki-sky.a(linkaddr.o)
                0x0000cd2e                linkaddr_cmp
 .text.linkaddr_set_node_addr
                0x0000cd40        0xc contiki-sky.a(linkaddr.o)
                0x0000cd40                linkaddr_set_node_addr
 .text.index_from_key
                0x0000cd4c       0x48 contiki-sky.a(nbr-table.o)
 .text.item_from_key
                0x0000cd94       0x34 contiki-sky.a(nbr-table.o)
 .text.nbr_set_bit
                0x0000cdc8       0x8e contiki-sky.a(nbr-table.o)
 .text.index_from_lladdr
                0x0000ce56       0x42 contiki-sky.a(nbr-table.o)
 .text.nbr_get_bit.constprop.0
                0x0000ce98       0x62 contiki-sky.a(nbr-table.o)
 .text.nbr_table_register
                0x0000cefa       0x28 contiki-sky.a(nbr-table.o)
                0x0000cefa                nbr_table_register
 .text.nbr_table_next
                0x0000cf22       0x90 contiki-sky.a(nbr-table.o)
                0x0000cf22                nbr_table_next
 .text.nbr_table_head
                0x0000cfb2       0x36 contiki-sky.a(nbr-table.o)
                0x0000cfb2                nbr_table_head
 .text.nbr_table_add_lladdr
                0x0000cfe8      0x180 contiki-sky.a(nbr-table.o)
                0x0000cfe8                nbr_table_add_lladdr
 .text.nbr_table_get_from_lladdr
                0x0000d168       0x48 contiki-sky.a(nbr-table.o)
                0x0000d168                nbr_table_get_from_lladdr
 .text.nbr_table_remove
                0x0000d1b0       0x32 contiki-sky.a(nbr-table.o)
                0x0000d1b0                nbr_table_remove
 .text.nbr_table_lock
                0x0000d1e2       0x10 contiki-sky.a(nbr-table.o)
                0x0000d1e2                nbr_table_lock
 .text.nbr_table_unlock
                0x0000d1f2       0x10 contiki-sky.a(nbr-table.o)
                0x0000d1f2                nbr_table_unlock
 .text.nbr_table_get_lladdr
                0x0000d202       0x5a contiki-sky.a(nbr-table.o)
                0x0000d202                nbr_table_get_lladdr
 .text.packetbuf_hdrreduce
                0x0000d25c       0x1a contiki-sky.a(packetbuf.o)
                0x0000d25c                packetbuf_hdrreduce
 .text.packetbuf_set_datalen
                0x0000d276        0x6 contiki-sky.a(packetbuf.o)
                0x0000d276                packetbuf_set_datalen
 .text.packetbuf_hdrptr
                0x0000d27c        0x6 contiki-sky.a(packetbuf.o)
                0x0000d27c                packetbuf_hdrptr
 .text.packetbuf_datalen
                0x0000d282        0x6 contiki-sky.a(packetbuf.o)
                0x0000d282                packetbuf_datalen
 .text.packetbuf_hdrlen
                0x0000d288        0xa contiki-sky.a(packetbuf.o)
                0x0000d288                packetbuf_hdrlen
 .text.packetbuf_dataptr
                0x0000d292        0xc contiki-sky.a(packetbuf.o)
                0x0000d292                packetbuf_dataptr
 .text.packetbuf_copyto
                0x0000d29e       0x46 contiki-sky.a(packetbuf.o)
                0x0000d29e                packetbuf_copyto
 .text.packetbuf_totlen
                0x0000d2e4        0xc contiki-sky.a(packetbuf.o)
                0x0000d2e4                packetbuf_totlen
 .text.packetbuf_hdralloc
                0x0000d2f0       0x3a contiki-sky.a(packetbuf.o)
                0x0000d2f0                packetbuf_hdralloc
 .text.packetbuf_attr_clear
                0x0000d32a       0x28 contiki-sky.a(packetbuf.o)
                0x0000d32a                packetbuf_attr_clear
 .text.packetbuf_clear
                0x0000d352       0x12 contiki-sky.a(packetbuf.o)
                0x0000d352                packetbuf_clear
 .text.packetbuf_copyfrom
                0x0000d364       0x2e contiki-sky.a(packetbuf.o)
                0x0000d364                packetbuf_copyfrom
 .text.packetbuf_attr_copyto
                0x0000d392       0x22 contiki-sky.a(packetbuf.o)
                0x0000d392                packetbuf_attr_copyto
 .text.packetbuf_attr_copyfrom
                0x0000d3b4       0x24 contiki-sky.a(packetbuf.o)
                0x0000d3b4                packetbuf_attr_copyfrom
 .text.packetbuf_holds_broadcast
                0x0000d3d8        0xe contiki-sky.a(packetbuf.o)
                0x0000d3d8                packetbuf_holds_broadcast
 .text.queuebuf_init
                0x0000d3e6       0x12 contiki-sky.a(queuebuf.o)
                0x0000d3e6                queuebuf_init
 .text.queuebuf_numfree
                0x0000d3f8        0xa contiki-sky.a(queuebuf.o)
                0x0000d3f8                queuebuf_numfree
 .text.queuebuf_new_from_packetbuf
                0x0000d402       0x52 contiki-sky.a(queuebuf.o)
                0x0000d402                queuebuf_new_from_packetbuf
 .text.queuebuf_update_attr_from_packetbuf
                0x0000d454       0x12 contiki-sky.a(queuebuf.o)
                0x0000d454                queuebuf_update_attr_from_packetbuf
 .text.queuebuf_free
                0x0000d466       0x2a contiki-sky.a(queuebuf.o)
                0x0000d466                queuebuf_free
 .text.queuebuf_to_packetbuf
                0x0000d490       0x32 contiki-sky.a(queuebuf.o)
                0x0000d490                queuebuf_to_packetbuf
 .text.queuebuf_attr
                0x0000d4c2        0xe contiki-sky.a(queuebuf.o)
                0x0000d4c2                queuebuf_attr
 .text.init     0x0000d4d0        0x2 contiki-sky.a(nullsec.o)
 .text.send     0x0000d4d2        0xa contiki-sky.a(nullsec.o)
 .text.input    0x0000d4dc        0x6 contiki-sky.a(nullsec.o)
 .text.spi_init
                0x0000d4e2       0x32 contiki-sky.a(spi.o)
                0x0000d4e2                spi_init
 .text.stimer_set
                0x0000d514       0x1c contiki-sky.a(stimer.o)
                0x0000d514                stimer_set
 .text.stimer_expired
                0x0000d530       0x30 contiki-sky.a(stimer.o)
                0x0000d530                stimer_expired
 .text.memb_init
                0x0000d560       0x36 contiki-sky.a(memb.o)
                0x0000d560                memb_init
 .text.memb_alloc
                0x0000d596       0x3e contiki-sky.a(memb.o)
                0x0000d596                memb_alloc
 .text.memb_free
                0x0000d5d4       0x3a contiki-sky.a(memb.o)
                0x0000d5d4                memb_free
 .text.memb_inmemb
                0x0000d60e       0x2e contiki-sky.a(memb.o)
                0x0000d60e                memb_inmemb
 .text.memb_numfree
                0x0000d63c       0x26 contiki-sky.a(memb.o)
                0x0000d63c                memb_numfree
 .text.update_nbr
                0x0000d662       0xec contiki-sky.a(rpl-nbr-policy.)
 .text.handle_periodic_timer
                0x0000d74e        0xe contiki-sky.a(rpl-nbr-policy.)
 .text.find_removable_dis
                0x0000d75c       0x16 contiki-sky.a(rpl-nbr-policy.)
                0x0000d75c                find_removable_dis
 .text.find_removable_dio
                0x0000d772       0x4c contiki-sky.a(rpl-nbr-policy.)
                0x0000d772                find_removable_dio
 .text.find_removable_dao
                0x0000d7be       0x34 contiki-sky.a(rpl-nbr-policy.)
                0x0000d7be                find_removable_dao
 .text.rpl_nbr_policy_find_removable
                0x0000d7f2       0x30 contiki-sky.a(rpl-nbr-policy.)
                0x0000d7f2                rpl_nbr_policy_find_removable
 .text.frame802154_get_pan_id
                0x0000d822        0x6 contiki-sky.a(frame802154.o)
                0x0000d822                frame802154_get_pan_id
 .text.frame802154_has_panid
                0x0000d828       0x64 contiki-sky.a(frame802154.o)
                0x0000d828                frame802154_has_panid
 .text.field_len
                0x0000d88c       0xb2 contiki-sky.a(frame802154.o)
 .text.frame802154_is_broadcast_addr
                0x0000d93e       0x24 contiki-sky.a(frame802154.o)
                0x0000d93e                frame802154_is_broadcast_addr
 .text.frame802154_hdrlen
                0x0000d962       0x32 contiki-sky.a(frame802154.o)
                0x0000d962                frame802154_hdrlen
 .text.frame802154_create
                0x0000d994      0x16a contiki-sky.a(frame802154.o)
                0x0000d994                frame802154_create
 .text.frame802154_parse
                0x0000dafe      0x226 contiki-sky.a(frame802154.o)
                0x0000dafe                frame802154_parse
 .text.libgcc   0x0000dd24       0x2c /usr/lib/gcc/msp430/4.6.3/mmpy-16/libgcc.a(_mulsi3.o)
                0x0000dd24                __mulsi3
 .text.libgcc   0x0000dd50       0x22 /usr/lib/gcc/msp430/4.6.3/mmpy-16/libgcc.a(_udivmod16.o)
                0x0000dd50                __udivhi3
                0x0000dd50                __ext_udivmod16
                0x0000dd6a                __umodhi3
 .text.libgcc   0x0000dd72       0x3a /usr/lib/gcc/msp430/4.6.3/mmpy-16/libgcc.a(_divmod16.o)
                0x0000dd72                __ext_divmod16
                0x0000dd72                __divhi3
                0x0000dda4                __modhi3
 .text.libgcc   0x0000ddac       0x40 /usr/lib/gcc/msp430/4.6.3/mmpy-16/libgcc.a(_udivmod32.o)
                0x0000ddac                __udivsi3
                0x0000ddac                __ext_udivmod32
                0x0000dde2                __umodsi3
 .text          0x0000ddec       0x20 /usr/lib/gcc/msp430/4.6.3/../../../../msp430/lib/mmpy-16/libc.a(memcmp.o)
                0x0000ddec                memcmp
 .text          0x0000de0c       0x14 /usr/lib/gcc/msp430/4.6.3/../../../../msp430/lib/mmpy-16/libc.a(strcpy.o)
                0x0000de0c                strcpy
 .text          0x0000de20       0xfa /usr/lib/gcc/msp430/4.6.3/../../../../msp430/lib/mmpy-16/libc.a(memcpy.o)
                0x0000de20                memcpy
 .text          0x0000df1a       0xfa /usr/lib/gcc/msp430/4.6.3/../../../../msp430/lib/mmpy-16/libc.a(memmove.o)
                0x0000df1a                memmove
 .text          0x0000e014       0x6a /usr/lib/gcc/msp430/4.6.3/../../../../msp430/lib/mmpy-16/libc.a(memset.o)
                0x0000e014                memset
 .text          0x0000e07e       0x8a /usr/lib/gcc/msp430/4.6.3/../../../../msp430/lib/mmpy-16/libc.a(atoi.o)
                0x0000e07e                atoi
 .text          0x0000e108       0x1e /usr/lib/gcc/msp430/4.6.3/../../../../msp430/lib/mmpy-16/libc.a(printf.o)
                0x0000e108                printf
                0x0000e118                vprintf
 .text          0x0000e126       0xbc /usr/lib/gcc/msp430/4.6.3/../../../../msp430/lib/mmpy-16/libc.a(sprintf.o)
                0x0000e184                sprintf
                0x0000e1a0                snprintf
                0x0000e1ba                vsprintf
                0x0000e1d0                vsnprintf
 .text          0x0000e1e2      0x836 /usr/lib/gcc/msp430/4.6.3/../../../../msp430/lib/mmpy-16/libc.a(vuprintf.o)
                0x0000e37a                vuprintf
 .text          0x0000ea18       0x2c /usr/lib/gcc/msp430/4.6.3/../../../../msp430/lib/mmpy-16/libc.a(puts.o)
                0x0000ea18                puts
 .text          0x0000ea44       0x54 /usr/lib/gcc/msp430/4.6.3/../../../../msp430/lib/mmpy-16/libc.a(rand.o)
                0x0000ea44                rand_r
                0x0000ea68                rand
                0x0000ea8e                srand
 .text.libgcc   0x0000ea98       0xf0 /usr/lib/gcc/msp430/4.6.3/mmpy-16/libgcc.a(_udivmod64.o)
                0x0000ea98                __xabi_udivmod64
                0x0000eaf6                __udivdi3
                0x0000eb1c                __umoddi3
                0x0000eb4a                __udivmoddi4
 .text.crt0     0x0000eb88        0x2 /usr/lib/gcc/msp430/4.6.3/mmpy-16/libcrt0.a(_unexpected_.o)
                0x0000eb88                _unexpected_
                0x0000eb8a                . = ALIGN (0x2)

.rodata         0x0000eb8a      0x50c
                0x0000eb8a                . = ALIGN (0x2)
 *(.rodata .rodata.* .gnu.linkonce.r.*)
 .rodata        0x0000eb8a      0x212 6lbr-demo.co
                0x0000ed7e                autostart_processes
 .rodata        0x0000ed9c       0x4e obj_sky/udp-client.o
 .rodata        0x0000edea        0xa obj_sky/6lbr-demo-main.o
 .rodata        0x0000edf4      0x12d obj_sky/contiki-sky-main.o
 *fill*         0x0000ef21        0x1 00
 .rodata        0x0000ef22       0x10 contiki-sky.a(button-sensor.o)
                0x0000ef2a                button_sensor
 .rodata        0x0000ef32        0xe contiki-sky.a(radio-sensor.o)
                0x0000ef38                radio_sensor
 .rodata        0x0000ef40        0x8 contiki-sky.a(sensors.o)
 .rodata        0x0000ef48       0x70 contiki-sky.a(cc2420.o)
                0x0000ef7a                cc2420_aes_128_driver
                0x0000ef7e                cc2420_driver
 .rodata        0x0000efb8        0xf contiki-sky.a(ctimer.o)
 .rodata        0x0000efc7        0xc contiki-sky.a(etimer.o)
 *fill*         0x0000efd3        0x1 00
 .rodata        0x0000efd4       0x24 contiki-sky.a(sicslowpan.o)
                0x0000efe0                sicslowpan_driver
                0x0000efe6                llprefix
                0x0000efe8                unc_mxconf
                0x0000efec                unc_ctxconf
                0x0000eff0                unc_llconf
 .rodata        0x0000eff8        0xd contiki-sky.a(tcpip.o)
 .rodata        0x0000f005       0x3c contiki-sky.a(uip-debug.o)
 *fill*         0x0000f041        0x1 00
 .rodata        0x0000f042       0x14 contiki-sky.a(csma.o)
                0x0000f048                csma_driver
 .rodata        0x0000f056        0x6 contiki-sky.a(framer-802154.o)
                0x0000f056                framer_802154
 .rodata        0x0000f05c       0x18 contiki-sky.a(nullrdc.o)
                0x0000f064                nullrdc_driver
 .rodata        0x0000f074        0x8 contiki-sky.a(linkaddr.o)
                0x0000f074                linkaddr_null
 .rodata        0x0000f07c       0x10 contiki-sky.a(nullsec.o)
                0x0000f084                nullsec_driver
 .rodata        0x0000f08c        0x2 contiki-sky.a(frame802154.o)
 .rodata        0x0000f08e        0x7 /usr/lib/gcc/msp430/4.6.3/../../../../msp430/lib/mmpy-16/libc.a(vuprintf.o)
                0x0000f096                . = ALIGN (0x2)
 *fill*         0x0000f095        0x1 00
                0x0000f096                _etext = .

.data           0x00001100      0x114 load address 0x0000f096
                0x00001100                . = ALIGN (0x2)
                0x00001100                PROVIDE (__data_start, .)
 *(.data .data.* .gnu.linkonce.d.*)
 .data          0x00001100        0xa 6lbr-demo.co
                0x00001100                udp_echo_server_process
 .data          0x0000110a       0x10 obj_sky/udp-client.o
                0x0000110a                udp_client_process
                0x00001114                udp_interval
                0x00001118                user_dest_port
 .data          0x0000111a        0xa obj_sky/6lbr-demo-main.o
                0x0000111a                demo_6lbr_process
 .data          0x00001124        0x4 contiki-sky.a(contiki-sky-pla)
                0x00001124                sensors
 .data          0x00001128        0xa contiki-sky.a(sensors.o)
                0x00001128                sensors_process
 .data          0x00001132        0xc contiki-sky.a(cc2420.o)
                0x00001132                cc2420_process
 .data          0x0000113e        0x2 contiki-sky.a(msp430.o)
 .data          0x00001140        0xa contiki-sky.a(ctimer.o)
                0x00001140                ctimer_process
 .data          0x0000114a        0xa contiki-sky.a(etimer.o)
                0x0000114a                etimer_process
 .data          0x00001154        0x8 contiki-sky.a(sicslowpan.o)
 .data          0x0000115c        0xa contiki-sky.a(uip-ds6-nbr.o)
                0x0000115c                ds6_neighbors
 .data          0x00001166       0x22 contiki-sky.a(uip-ds6-route.o)
                0x00001166                nbr_routes
 .data          0x00001188        0xc contiki-sky.a(uip-icmp6.o)
 .data          0x00001194        0xc contiki-sky.a(uip-nd6.o)
 .data          0x000011a0        0xa contiki-sky.a(tcpip.o)
                0x000011a0                tcpip_process
 .data          0x000011aa        0xa contiki-sky.a(rpl-dag.o)
                0x000011aa                rpl_parents
 .data          0x000011b4       0x1a contiki-sky.a(rpl-icmp6.o)
 .data          0x000011ce       0x10 contiki-sky.a(rpl-mrhof.o)
                0x000011ce                rpl_mrhof
 .data          0x000011de       0x18 contiki-sky.a(csma.o)
 .data          0x000011f6        0x8 contiki-sky.a(nbr-table.o)
 .data          0x000011fe       0x10 contiki-sky.a(queuebuf.o)
 .data          0x0000120e        0x2 contiki-sky.a(frame802154.o)
 .data          0x00001210        0x4 /usr/lib/gcc/msp430/4.6.3/../../../../msp430/lib/mmpy-16/libc.a(rand.o)
                0x00001214                . = ALIGN (0x2)
                0x00001214                _edata = .
                0x0000f096                PROVIDE (__data_load_start, LOADADDR (.data))
                0x00000114                PROVIDE (__data_size, SIZEOF (.data))

.bss            0x00001214     0x1c30 load address 0x0000f1aa
                0x00001214                PROVIDE (__bss_start, .)
 *(.bss .bss.*)
 .bss           0x00001214      0x11e 6lbr-demo.co
 .bss           0x00001332       0x1a obj_sky/udp-client.o
                0x00001332                udp_client_rssi
                0x00001334                udp_client_lqi
                0x00001336                udp_client_run
                0x00001338                use_user_dest_addr
 .bss           0x0000134c        0xc obj_sky/contiki-sky-main.o
 .bss           0x00001358        0x8 contiki-sky.a(button-sensor.o)
 .bss           0x00001360        0x2 contiki-sky.a(radio-sensor.o)
 .bss           0x00001362        0x2 contiki-sky.a(node-id.o)
                0x00001362                node_id
 .bss           0x00001364        0x6 contiki-sky.a(sensors.o)
 .bss           0x0000136a        0xa contiki-sky.a(cc2420.o)
 .bss           0x00001374        0x4 contiki-sky.a(uart1.o)
 .bss           0x00001378        0xa contiki-sky.a(clock.o)
 .bss           0x00001382        0x1 contiki-sky.a(leds.o)
 *fill*         0x00001383        0x1 00
 .bss           0x00001384        0x2 contiki-sky.a(watchdog.o)
 .bss           0x00001386        0x4 contiki-sky.a(ctimer.o)
 .bss           0x0000138a        0x6 contiki-sky.a(etimer.o)
 .bss           0x00001390       0x42 contiki-sky.a(process.o)
                0x00001390                process_current
                0x00001392                process_list
 .bss           0x000013d2        0x2 contiki-sky.a(rtimer.o)
 .bss           0x000013d4      0x6d2 contiki-sky.a(sicslowpan.o)
 .bss           0x00001aa6        0xa contiki-sky.a(uip6.o)
                0x00001aa6                uip_ext_opt_offset
                0x00001aa8                uip_ext_len
                0x00001aaa                uip_ext_bitmap
 .bss           0x00001ab0       0x18 contiki-sky.a(uip-ds6.o)
 .bss           0x00001ac8      0x2f8 contiki-sky.a(uip-ds6-nbr.o)
 .bss           0x00001dc0      0x422 contiki-sky.a(uip-ds6-route.o)
 .bss           0x000021e2       0x14 contiki-sky.a(uip-icmp6.o)
 .bss           0x000021f6        0xa contiki-sky.a(uip-nd6.o)
 .bss           0x00002200       0x10 contiki-sky.a(tcpip.o)
 .bss           0x00002210        0x2 contiki-sky.a(rpl.o)
 .bss           0x00002212       0xc8 contiki-sky.a(rpl-dag.o)
 .bss           0x000022da       0x18 contiki-sky.a(rpl-timers.o)
 .bss           0x000022f2       0x98 contiki-sky.a(csma.o)
 .bss           0x0000238a        0x2 contiki-sky.a(framer-802154.o)
 .bss           0x0000238c      0x118 contiki-sky.a(nbr-table.o)
 .bss           0x000024a4       0x86 contiki-sky.a(packetbuf.o)
 .bss           0x0000252a      0x386 contiki-sky.a(queuebuf.o)
 .bss           0x000028b0       0x20 contiki-sky.a(rpl-nbr-policy.)
 .bss           0x000028d0        0x4 /usr/lib/gcc/msp430/4.6.3/../../../../msp430/lib/mmpy-16/libc.a(sprintf.o)
 *(COMMON)
 COMMON         0x000028d4       0x20 obj_sky/udp-client.o
                0x000028d4                user_dest_addr
                0x000028e4                dest_addr
 COMMON         0x000028f4        0x2 contiki-sky.a(contiki-sky-pla)
                0x000028f4                sensors_flags
 COMMON         0x000028f6        0x8 contiki-sky.a(ds2411.o)
                0x000028f6                ds2411_id
 COMMON         0x000028fe        0x1 contiki-sky.a(sensors.o)
                0x000028fe                sensors_event
 *fill*         0x000028ff        0x1 00
 COMMON         0x00002900       0x10 contiki-sky.a(cc2420.o)
                0x00002900                cc2420_last_rssi
                0x00002902                cc2420_sfd_start_time
                0x00002904                cc2420_time_of_departure
                0x00002906                cc2420_time_of_arrival
                0x00002908                cc2420_last_correlation
                0x0000290a                cc2420_authority_level_of_sender
                0x0000290c                cc2420_sfd_counter
                0x0000290e                cc2420_sfd_end_time
 COMMON         0x00002910        0x2 contiki-sky.a(msp430.o)
                0x00002910                msp430_dco_required
 COMMON         0x00002912        0x1 contiki-sky.a(process.o)
                0x00002912                process_maxevents
 *fill*         0x00002913        0x1 00
 COMMON         0x00002914       0x14 contiki-sky.a(sicslowpan.o)
                0x00002914                addr_contexts
 COMMON         0x00002928      0x254 contiki-sky.a(uip6.o)
                0x00002928                uip_len
                0x0000292a                uip_sappdata
                0x0000292c                uip_lladdr
                0x00002934                uip_aligned_buf
                0x00002a38                uip_flags
                0x00002a3a                uip_next_hdr
                0x00002a3c                uip_udp_conn
                0x00002a3e                uip_appdata
                0x00002a40                uip_conn
                0x00002a42                uip_slen
                0x00002a44                uip_udp_conns
 COMMON         0x00002b7c      0x15c contiki-sky.a(uip-ds6.o)
                0x00002b7c                uip_ds6_timer_ra
                0x00002b84                uip_ds6_if
                0x00002c70                uip_ds6_netif_addr_list_offset
                0x00002c71                uip_ds6_addr_size
                0x00002c72                uip_ds6_prefix_list
                0x00002ccc                uip_ds6_timer_periodic
 COMMON         0x00002cd8        0x1 contiki-sky.a(tcpip.o)
                0x00002cd8                tcpip_event
 *fill*         0x00002cd9        0x1 00
 COMMON         0x00002cda      0x114 contiki-sky.a(rpl-dag.o)
                0x00002cda                default_instance
                0x00002cdc                instance_table
 COMMON         0x00002dee       0x20 contiki-sky.a(csma.o)
                0x00002dee                csma_noack
                0x00002df2                neighbor_overflow
                0x00002df4                packet_overflow
                0x00002df6                csma_retransmissions
                0x00002dfa                csma_received_packets
                0x00002dfe                csma_dropped
                0x00002e02                csma_deferred
                0x00002e06                csma_collisions
                0x00002e0a                csma_sent_packets
 COMMON         0x00002e0e        0x8 contiki-sky.a(linkaddr.o)
                0x00002e0e                linkaddr_node_addr
 COMMON         0x00002e16       0x2e contiki-sky.a(packetbuf.o)
                0x00002e16                packetbuf_addrs
                0x00002e26                packetbuf_attrs
                0x00002e44                . = ALIGN (0x2)
                0x00002e44                PROVIDE (__bss_end, .)
                0x00001c30                PROVIDE (__bss_size, SIZEOF (.bss))

.noinit         0x00002e44        0x2 load address 0x0000f1aa
                0x00002e44                PROVIDE (__noinit_start, .)
 *(.noinit .noinit.*)
 .noinit.crt0   0x00002e44        0x2 /usr/lib/gcc/msp430/4.6.3/mmpy-16/libcrt0.a(__watchdog_support.o)
                0x00002e44                __wdt_clear_value
                0x00002e46                . = ALIGN (0x2)
                0x00002e46                PROVIDE (__noinit_end, .)
                0x00002e46                . = ALIGN (0x2)
                0x00002e46                _end = .

.infomem        0x00001000        0x0
 *(.infomem)
                0x00001000                . = ALIGN (0x2)
 *(.infomem.*)

.infomemnobits  0x00001000        0x0
 *(.infomemnobits)
                0x00001000                . = ALIGN (0x2)
 *(.infomemnobits.*)

.infoa
 *(.infoa .infoa.*)

.infob
 *(.infob .infob.*)

.infoc
 *(.infoc .infoc.*)

.infod
 *(.infod .infod.*)

.vectors        0x0000ffe0       0x20
                0x0000ffe0                PROVIDE (__vectors_start, .)
 *(.vectors*)
 .vectors       0x0000ffe0       0x20 /usr/lib/gcc/msp430/4.6.3/mmpy-16/crt0ivtbl16.o
                0x0000ffe0                __ivtbl_16
                0x00010000                _vectors_end = .

.fartext        0x00000000        0x0
                0x00000000                . = ALIGN (0x2)
 *(.fartext)
                0x00000000                . = ALIGN (0x2)
 *(.fartext.*)
                0x00000000                _efartext = .

.profiler
 *(.profiler)

.stab           0x00000000    0x28284
 *(.stab)
 .stab          0x00000000     0x1d64 6lbr-demo.co
 .stab          0x00001d64      0x9d8 obj_sky/udp-client.o
                               0x1c2c (size before relaxing)
 .stab          0x0000273c      0x2ac obj_sky/6lbr-demo-main.o
                                0x600 (size before relaxing)
 .stab          0x000029e8     0x12f0 obj_sky/contiki-sky-main.o
                               0x1a94 (size before relaxing)
 .stab          0x00003cd8      0x264 contiki-sky.a(contiki-sky-pla)
                                0x5b8 (size before relaxing)
 .stab          0x00003f3c      0x444 contiki-sky.a(button-sensor.o)
                                0x7b0 (size before relaxing)
 .stab          0x00004380      0x39c contiki-sky.a(radio-sensor.o)
                                0x810 (size before relaxing)
 .stab          0x0000471c      0x624 contiki-sky.a(ds2411.o)
                                0xb40 (size before relaxing)
 .stab          0x00004d40      0xb64 contiki-sky.a(xmem.o)
                                0xf18 (size before relaxing)
 .stab          0x000058a4      0x2b8 contiki-sky.a(node-id.o)
                                0x4e0 (size before relaxing)
 .stab          0x00005b5c      0x654 contiki-sky.a(sensors.o)
                                0xb70 (size before relaxing)
 .stab          0x000061b0     0x2874 contiki-sky.a(cc2420.o)
                               0x2f64 (size before relaxing)
 .stab          0x00008a24      0x60c contiki-sky.a(cc2420-arch.o)
                               0x1710 (size before relaxing)
 .stab          0x00009030      0x570 contiki-sky.a(uart1.o)
                                0x8c4 (size before relaxing)
 .stab          0x000095a0      0x234 contiki-sky.a(uart1-putchar.o)
                                0x588 (size before relaxing)
 .stab          0x000097d4      0x744 contiki-sky.a(msp430.o)
                                0xa98 (size before relaxing)
 .stab          0x00009f18      0x924 contiki-sky.a(clock.o)
                                0xc78 (size before relaxing)
 .stab          0x0000a83c      0x4f8 contiki-sky.a(leds.o)
                                0x744 (size before relaxing)
 .stab          0x0000ad34      0x3a8 contiki-sky.a(leds-arch.o)
                                0x6fc (size before relaxing)
 .stab          0x0000b0dc      0x3fc contiki-sky.a(watchdog.o)
                                0x750 (size before relaxing)
 .stab          0x0000b4d8      0x3a8 contiki-sky.a(rtimer-arch.o)
                                0x6fc (size before relaxing)
 .stab          0x0000b880      0x294 contiki-sky.a(autostart.o)
                                0x534 (size before relaxing)
 .stab          0x0000bb14      0x858 contiki-sky.a(ctimer.o)
                                0xbc4 (size before relaxing)
 .stab          0x0000c36c      0x2a0 contiki-sky.a(energest.o)
                                0x528 (size before relaxing)
 .stab          0x0000c60c      0xabc contiki-sky.a(etimer.o)
                                0xd8c (size before relaxing)
 .stab          0x0000d0c8      0xb7c contiki-sky.a(process.o)
                               0x1014 (size before relaxing)
 .stab          0x0000dc44      0x3d8 contiki-sky.a(rtimer.o)
                                0x6c0 (size before relaxing)
 .stab          0x0000e01c      0x354 contiki-sky.a(timer.o)
                                0x594 (size before relaxing)
 .stab          0x0000e370      0x7f8 contiki-sky.a(list.o)
                                0x804 (size before relaxing)
 .stab          0x0000eb68      0x228 contiki-sky.a(random.o)
                                0x624 (size before relaxing)
 .stab          0x0000ed90     0x2310 contiki-sky.a(sicslowpan.o)
                               0x32dc (size before relaxing)
 .stab          0x000110a0     0x186c contiki-sky.a(uip6.o)
                               0x2184 (size before relaxing)
 .stab          0x0001290c     0x14d0 contiki-sky.a(uip-ds6.o)
                               0x20f4 (size before relaxing)
 .stab          0x00013ddc      0xf60 contiki-sky.a(uip-ds6-nbr.o)
                               0x1848 (size before relaxing)
 .stab          0x00014d3c     0x13ec contiki-sky.a(uip-ds6-route.o)
                               0x2160 (size before relaxing)
 .stab          0x00016128      0xd14 contiki-sky.a(uip-icmp6.o)
                               0x1a10 (size before relaxing)
 .stab          0x00016e3c      0xda4 contiki-sky.a(uip-nd6.o)
                               0x1a04 (size before relaxing)
 .stab          0x00017be0      0xf48 contiki-sky.a(tcpip.o)
                               0x2238 (size before relaxing)
 .stab          0x00018b28      0x498 contiki-sky.a(uip-debug.o)
                                0xc3c (size before relaxing)
 .stab          0x00018fc0      0x42c contiki-sky.a(uip-udp-packet.)
                                0xc18 (size before relaxing)
 .stab          0x000193ec      0xbc4 contiki-sky.a(rpl.o)
                               0x1998 (size before relaxing)
 .stab          0x00019fb0     0x2fb8 contiki-sky.a(rpl-dag.o)
                               0x3d44 (size before relaxing)
 .stab          0x0001cf68      0xac8 contiki-sky.a(rpl-ext-header.)
                               0x1890 (size before relaxing)
 .stab          0x0001da30     0x1e3c contiki-sky.a(rpl-icmp6.o)
                               0x2c34 (size before relaxing)
 .stab          0x0001f86c      0x954 contiki-sky.a(rpl-mrhof.o)
                               0x16c8 (size before relaxing)
 .stab          0x000201c0      0xdbc contiki-sky.a(rpl-timers.o)
                               0x1b30 (size before relaxing)
 .stab          0x00020f7c     0x10e0 contiki-sky.a(csma.o)
                               0x17d0 (size before relaxing)
 .stab          0x0002205c      0x8f4 contiki-sky.a(framer-802154.o)
                                0xf18 (size before relaxing)
 .stab          0x00022950      0x1f8 contiki-sky.a(mac.o)
                                0x4ec (size before relaxing)
 .stab          0x00022b48      0x708 contiki-sky.a(nullrdc.o)
                               0x1050 (size before relaxing)
 .stab          0x00023250      0x2c4 contiki-sky.a(linkaddr.o)
                                0x6c0 (size before relaxing)
 .stab          0x00023514      0xe4c contiki-sky.a(nbr-table.o)
                               0x17b8 (size before relaxing)
 .stab          0x00024360      0xc18 contiki-sky.a(packetbuf.o)
                               0x1d4c (size before relaxing)
 .stab          0x00024f78      0xaa4 contiki-sky.a(queuebuf.o)
                               0x1bc0 (size before relaxing)
 .stab          0x00025a1c      0x3c0 contiki-sky.a(nullsec.o)
                                0xcf0 (size before relaxing)
 .stab          0x00025ddc      0x204 contiki-sky.a(spi.o)
                                0x42c (size before relaxing)
 .stab          0x00025fe0      0x3c0 contiki-sky.a(stimer.o)
                                0x600 (size before relaxing)
 .stab          0x000263a0      0x5c4 contiki-sky.a(memb.o)
                                0xaf8 (size before relaxing)
 .stab          0x00026964      0x954 contiki-sky.a(rpl-nbr-policy.)
                               0x16d4 (size before relaxing)
 .stab          0x000272b8      0xfcc contiki-sky.a(frame802154.o)
                               0x17b8 (size before relaxing)

.stabstr        0x00000000    0x1afa4
 *(.stabstr)
 .stabstr       0x00000000    0x1afa4 6lbr-demo.co

.stab.excl
 *(.stab.excl)

.stab.exclstr
 *(.stab.exclstr)

.stab.index
 *(.stab.index)

.stab.indexstr
 *(.stab.indexstr)

.comment
 *(.comment)

.debug
 *(.debug)

.line
 *(.line)

.debug_srcinfo
 *(.debug_srcinfo)

.debug_sfnames
 *(.debug_sfnames)

.debug_aranges  0x00000000      0x1cc
 *(.debug_aranges)
 .debug_aranges
                0x00000000       0x14 /usr/lib/gcc/msp430/4.6.3/mmpy-16/libgcc.a(_mulsi3.o)
 .debug_aranges
                0x00000014       0x14 /usr/lib/gcc/msp430/4.6.3/mmpy-16/libgcc.a(_udivmod16.o)
 .debug_aranges
                0x00000028       0x14 /usr/lib/gcc/msp430/4.6.3/mmpy-16/libgcc.a(_divmod16.o)
 .debug_aranges
                0x0000003c       0x14 /usr/lib/gcc/msp430/4.6.3/mmpy-16/libgcc.a(_udivmod32.o)
 .debug_aranges
                0x00000050       0x14 /usr/lib/gcc/msp430/4.6.3/../../../../msp430/lib/mmpy-16/libc.a(strncmp.o)
 .debug_aranges
                0x00000064       0x14 /usr/lib/gcc/msp430/4.6.3/../../../../msp430/lib/mmpy-16/libc.a(memcmp.o)
 .debug_aranges
                0x00000078       0x14 /usr/lib/gcc/msp430/4.6.3/../../../../msp430/lib/mmpy-16/libc.a(strcpy.o)
 .debug_aranges
                0x0000008c       0x14 /usr/lib/gcc/msp430/4.6.3/../../../../msp430/lib/mmpy-16/libc.a(memcpy.o)
 .debug_aranges
                0x000000a0       0x14 /usr/lib/gcc/msp430/4.6.3/../../../../msp430/lib/mmpy-16/libc.a(memmove.o)
 .debug_aranges
                0x000000b4       0x14 /usr/lib/gcc/msp430/4.6.3/../../../../msp430/lib/mmpy-16/libc.a(memset.o)
 .debug_aranges
                0x000000c8       0x14 /usr/lib/gcc/msp430/4.6.3/../../../../msp430/lib/mmpy-16/libc.a(atoi.o)
 .debug_aranges
                0x000000dc       0x14 /usr/lib/gcc/msp430/4.6.3/../../../../msp430/lib/mmpy-16/libc.a(printf.o)
 .debug_aranges
                0x000000f0       0x14 /usr/lib/gcc/msp430/4.6.3/../../../../msp430/lib/mmpy-16/libc.a(sprintf.o)
 .debug_aranges
                0x00000104       0x14 /usr/lib/gcc/msp430/4.6.3/../../../../msp430/lib/mmpy-16/libc.a(vuprintf.o)
 .debug_aranges
                0x00000118       0x14 /usr/lib/gcc/msp430/4.6.3/../../../../msp430/lib/mmpy-16/libc.a(puts.o)
 .debug_aranges
                0x0000012c       0x14 /usr/lib/gcc/msp430/4.6.3/../../../../msp430/lib/mmpy-16/libc.a(rand.o)
 .debug_aranges
                0x00000140       0x14 /usr/lib/gcc/msp430/4.6.3/mmpy-16/libgcc.a(_udivmod64.o)
 .debug_aranges
                0x00000154       0x14 /usr/lib/gcc/msp430/4.6.3/mmpy-16/libcrt0.a(__watchdog_support.o)
 .debug_aranges
                0x00000168       0x14 /usr/lib/gcc/msp430/4.6.3/mmpy-16/libcrt0.a(__init_stack.o)
 .debug_aranges
                0x0000017c       0x14 /usr/lib/gcc/msp430/4.6.3/mmpy-16/libcrt0.a(_copy_data.o)
 .debug_aranges
                0x00000190       0x14 /usr/lib/gcc/msp430/4.6.3/mmpy-16/libcrt0.a(_clear_bss.o)
 .debug_aranges
                0x000001a4       0x14 /usr/lib/gcc/msp430/4.6.3/mmpy-16/libcrt0.a(_endless_loop__.o)
 .debug_aranges
                0x000001b8       0x14 /usr/lib/gcc/msp430/4.6.3/mmpy-16/libcrt0.a(_unexpected_.o)

.debug_pubnames
 *(.debug_pubnames)

.debug_info     0x00000000     0x1965
 *(.debug_info)
 .debug_info    0x00000000       0xd6 /usr/lib/gcc/msp430/4.6.3/mmpy-16/libgcc.a(_mulsi3.o)
 .debug_info    0x000000d6       0xd6 /usr/lib/gcc/msp430/4.6.3/mmpy-16/libgcc.a(_udivmod16.o)
 .debug_info    0x000001ac       0xd6 /usr/lib/gcc/msp430/4.6.3/mmpy-16/libgcc.a(_divmod16.o)
 .debug_info    0x00000282       0xd6 /usr/lib/gcc/msp430/4.6.3/mmpy-16/libgcc.a(_udivmod32.o)
 .debug_info    0x00000358       0xbb /usr/lib/gcc/msp430/4.6.3/../../../../msp430/lib/mmpy-16/libc.a(strncmp.o)
 .debug_info    0x00000413       0xe8 /usr/lib/gcc/msp430/4.6.3/../../../../msp430/lib/mmpy-16/libc.a(memcmp.o)
 .debug_info    0x000004fb       0xb6 /usr/lib/gcc/msp430/4.6.3/../../../../msp430/lib/mmpy-16/libc.a(strcpy.o)
 .debug_info    0x000005b1      0x113 /usr/lib/gcc/msp430/4.6.3/../../../../msp430/lib/mmpy-16/libc.a(memcpy.o)
 .debug_info    0x000006c4      0x113 /usr/lib/gcc/msp430/4.6.3/../../../../msp430/lib/mmpy-16/libc.a(memmove.o)
 .debug_info    0x000007d7       0xfe /usr/lib/gcc/msp430/4.6.3/../../../../msp430/lib/mmpy-16/libc.a(memset.o)
 .debug_info    0x000008d5       0xb4 /usr/lib/gcc/msp430/4.6.3/../../../../msp430/lib/mmpy-16/libc.a(atoi.o)
 .debug_info    0x00000989      0x105 /usr/lib/gcc/msp430/4.6.3/../../../../msp430/lib/mmpy-16/libc.a(printf.o)
 .debug_info    0x00000a8e      0x277 /usr/lib/gcc/msp430/4.6.3/../../../../msp430/lib/mmpy-16/libc.a(sprintf.o)